selection before: --theme navy --set channelselection=classic --set epg=classic --set eventview=classic --set infobar=classic --set pvr=classic --set secondinfobar=classic
progress bar before: '(default)'
g000109
pin: /tmp/CINEVIEW-MLA/poster
playing: CineStar TV Action and Thriller HD | now: 'Tabu' | next: 'Tabu'
chansel        tb=0 skinerr=0 missing=0 notimpl=0 screens: 
poster cache /tmp: 118 files; crash logs today: 0
T106_DONE
pin: /tmp/CINEVIEW-MLA/poster
playing: Cinemax HD | now: 'Jerry Maguire' | next: 'Za Adamovo dobro'
chansel        tb=0 skinerr=0 missing=0 notimpl=0 screens: 
poster cache /tmp: 120 files; crash logs today: 0
T106_DONE
g000110
pin: /tmp/CINEVIEW-MLA/poster
playing: CineStar TV Action and Thriller HD | now: 'Tabu' | next: 'Tabu'
chansel        tb=0 skinerr=0 missing=0 notimpl=0 screens: 
poster cache /tmp: 120 files; crash logs today: 0
T106_DONE
pin: /tmp/CINEVIEW-MLA/poster
playing: Cinemax HD | now: 'Jerry Maguire' | next: 'Za Adamovo dobro'
chansel        tb=0 skinerr=0 missing=0 notimpl=0 screens: 
poster cache /tmp: 121 files; crash logs today: 0
T106_DONE
g000111
pin: /tmp/CINEVIEW-MLA/poster
playing: CineStar TV Action and Thriller HD | now: 'Tabu' | next: 'Tabu'
chansel        tb=0 skinerr=0 missing=0 notimpl=0 screens: 
poster cache /tmp: 121 files; crash logs today: 0
T106_DONE
pin: /tmp/CINEVIEW-MLA/poster
playing: Cinemax HD | now: 'Jerry Maguire' | next: 'Za Adamovo dobro'
chansel        tb=0 skinerr=0 missing=0 notimpl=0 screens: 
poster cache /tmp: 122 files; crash logs today: 0
T106_DONE
g000112
pin: /tmp/CINEVIEW-MLA/poster
playing: CineStar TV Action and Thriller HD | now: 'Tabu' | next: 'Tabu'
chansel        tb=0 skinerr=0 missing=0 notimpl=0 screens: 
poster cache /tmp: 122 files; crash logs today: 0
T106_DONE
pin: /tmp/CINEVIEW-MLA/poster
playing: Cinemax HD | now: 'Jerry Maguire' | next: 'Za Adamovo dobro'
chansel        tb=0 skinerr=0 missing=0 notimpl=0 screens: 
poster cache /tmp: 122 files; crash logs today: 0
T106_DONE
g000113
pin: /tmp/CINEVIEW-MLA/poster
playing: CineStar TV Action and Thriller HD | now: 'Tabu' | next: 'Tabu'
chansel        tb=0 skinerr=0 missing=0 notimpl=0 screens: 
poster cache /tmp: 122 files; crash logs today: 0
T106_DONE
pin: /tmp/CINEVIEW-MLA/poster
playing: Cinemax HD | now: 'Jerry Maguire' | next: 'Za Adamovo dobro'
chansel        tb=0 skinerr=0 missing=0 notimpl=0 screens: 
poster cache /tmp: 123 files; crash logs today: 0
T106_DONE
g000114
pin: /tmp/CINEVIEW-MLA/poster
playing: CineStar TV Action and Thriller HD | now: 'Tabu' | next: 'Tabu'
chansel        tb=0 skinerr=0 missing=0 notimpl=0 screens: 
poster cache /tmp: 123 files; crash logs today: 0
T106_DONE
pin: /tmp/CINEVIEW-MLA/poster
playing: Cinemax HD | now: 'Jerry Maguire' | next: 'Za Adamovo dobro'
chansel        tb=0 skinerr=0 missing=0 notimpl=0 screens: 
poster cache /tmp: 123 files; crash logs today: 0
T106_DONE
g000115
pin: /tmp/CINEVIEW-MLA/poster
playing: CineStar TV Action and Thriller HD | now: 'Tabu' | next: 'Tabu'
chansel        tb=0 skinerr=0 missing=0 notimpl=0 screens: 
poster cache /tmp: 123 files; crash logs today: 0
T106_DONE
pin: /tmp/CINEVIEW-MLA/poster
playing: Cinemax HD | now: 'Jerry Maguire' | next: 'Za Adamovo dobro'
chansel        tb=0 skinerr=0 missing=0 notimpl=0 screens: 
poster cache /tmp: 123 files; crash logs today: 0
T106_DONE
g000116
pin: /tmp/CINEVIEW-MLA/poster
playing: CineStar TV Action and Thriller HD | now: 'Tabu' | next: 'Tabu'
chansel        tb=0 skinerr=0 missing=0 notimpl=0 screens: 
poster cache /tmp: 123 files; crash logs today: 0
T106_DONE
pin: /tmp/CINEVIEW-MLA/poster
playing: Cinemax HD | now: 'Jerry Maguire' | next: 'Za Adamovo dobro'
chansel        tb=0 skinerr=0 missing=0 notimpl=0 screens: 
poster cache /tmp: 123 files; crash logs today: 0
T106_DONE
g000117
pin: /tmp/CINEVIEW-MLA/poster
playing: CineStar TV Action and Thriller HD | now: 'Tabu' | next: 'Tabu'
chansel        tb=0 skinerr=0 missing=0 notimpl=0 screens: 
poster cache /tmp: 123 files; crash logs today: 0
T106_DONE
pin: /tmp/CINEVIEW-MLA/poster
playing: Cinemax HD | now: 'Jerry Maguire' | next: 'Za Adamovo dobro'
chansel        tb=0 skinerr=0 missing=0 notimpl=0 screens: 
poster cache /tmp: 123 files; crash logs today: 0
T106_DONE
g000118
pin: /tmp/CINEVIEW-MLA/poster
playing: CineStar TV Action and Thriller HD | now: 'Tabu' | next: 'Tabu'
chansel        tb=0 skinerr=0 missing=0 notimpl=0 screens: 
poster cache /tmp: 123 files; crash logs today: 0
T106_DONE
pin: /tmp/CINEVIEW-MLA/poster
playing: Cinemax HD | now: 'Jerry Maguire' | next: 'Za Adamovo dobro'
chansel        tb=0 skinerr=0 missing=0 notimpl=0 screens: 
poster cache /tmp: 123 files; crash logs today: 0
T106_DONE
g000119
pin: /tmp/CINEVIEW-MLA/poster
playing: CineStar TV Action and Thriller HD | now: 'Tabu' | next: 'Tabu'
chansel        tb=0 skinerr=0 missing=0 notimpl=0 screens: 
poster cache /tmp: 123 files; crash logs today: 0
T106_DONE
pin: /tmp/CINEVIEW-MLA/poster
playing: Cinemax HD | now: 'Jerry Maguire' | next: 'Za Adamovo dobro'
chansel        tb=0 skinerr=0 missing=0 notimpl=0 screens: 
poster cache /tmp: 123 files; crash logs today: 0
T106_DONE
g000120
pin: /tmp/CINEVIEW-MLA/poster
playing: CineStar TV Action and Thriller HD | now: 'Tabu' | next: 'Tabu'
chansel        tb=0 skinerr=0 missing=0 notimpl=0 screens: 
poster cache /tmp: 123 files; crash logs today: 0
T106_DONE
pin: /tmp/CINEVIEW-MLA/poster
playing: Cinemax HD | now: 'Jerry Maguire' | next: 'Za Adamovo dobro'
chansel        tb=0 skinerr=0 missing=0 notimpl=0 screens: 
poster cache /tmp: 123 files; crash logs today: 0
T106_DONE
progress bar restored: ''
== restore: --theme navy --set channelselection=classic --set epg=classic --set eventview=classic --set infobar=classic --set pvr=classic --set secondinfobar=classic
g000121
T106X_DONE
