# usage on the receiver (telnet / ssh):
=============== I1

  CineView MLA Smart Installer    version 1.0.0
  Design & Development by habeb-s (c) 2026

Device
  [OK] Vu+ Duo4K SE

Image
  [OK] OpenBH 5.6 detected

Version
  [OK] OpenBH 5.6 is supported (tested on OpenBH 5.6)
  [XX] The OpenBH package of CineView MLA is not released yet.

CineView MLA was not installed. Nothing was changed on this receiver.

EXIT=1
Version: 1.0.0~openbh11
Status: install ok installed
=============== I2

  CineView MLA Smart Installer    version 1.0.0
  Design & Development by habeb-s (c) 2026

Device
  [OK] Vu+ Duo4K SE

Image
  [OK] OpenBH 5.6 detected

Version
  [OK] OpenBH 5.6 is supported (tested on OpenBH 5.6)

Python
  [OK] Python 3.13 compatible

Architecture
  [OK] Architecture: cortexa15hf-neon-vfpv4 (CineView MLA is architecture-independent)

Compatibility
  [OK] Required components present (python3-pillow, python3-requests)
  [OK] Package matches this receiver

Storage
  [OK] Free space: 53247 MB
  [OK] Poster cache: /tmp/CINEVIEW-MLA/poster (your setting, kept)

Existing installation
  [..] Current version: 1.0.0~openbh11
  [..] New version:     1.0.0~openbh11

All checks passed. Check-only run: nothing was downloaded or installed.

EXIT=0
Version: 1.0.0~openbh11
Status: install ok installed
=============== I3

  CineView MLA Smart Installer    version 1.0.0
  Design & Development by habeb-s (c) 2026

Device
  [OK] Vu+ Duo4K SE

Image
  [OK] OpenBH 5.6 detected

Version
  [OK] OpenBH 5.6 is supported (tested on OpenBH 5.6)

Python
  [OK] Python 3.13 compatible

Architecture
  [OK] Architecture: cortexa15hf-neon-vfpv4 (CineView MLA is architecture-independent)

Compatibility
  [OK] Required components present (python3-pillow, python3-requests)
  [OK] Package matches this receiver

Storage
  [OK] Free space: 53247 MB
  [OK] Poster cache: /tmp/CINEVIEW-MLA/poster (your setting, kept)

Existing installation
  [..] Current version: 1.0.0~openbh11
  [..] New version:     1.0.0~openbh11
  [!!] Reinstall requested

Package
  [OK] Package verified (SHA256)

Installing
  [OK] Restore point saved
  [OK] CineView MLA 1.0.0~openbh11 installed

Verification
  [OK] Package version 1.0.0~openbh11
  [OK] Skin files present
  [OK] Plugin loadable
  [OK] Plugin icon present
  [OK] CineView Designs available in the Plugin Browser

Result
  CineView MLA 1.0.0~openbh11 installed successfully.

  +-----------------------------------------------------+
  |  Restart the GUI to load CineView MLA 1.0.0~openbh11. |
  +-----------------------------------------------------+
  [..] Later: Menu > Standby / Restart > Restart GUI

EXIT=0
Version: 1.0.0~openbh11
Status: install ok installed
=============== I4

  CineView MLA Smart Installer    version 1.0.0
  Design & Development by habeb-s (c) 2026

Device
  [OK] Vu+ Duo4K SE

Image
  [OK] OpenBH 5.6 detected

Version
  [OK] OpenBH 5.6 is supported (tested on OpenBH 5.6)

Python
  [OK] Python 3.13 compatible

Architecture
  [OK] Architecture: cortexa15hf-neon-vfpv4 (CineView MLA is architecture-independent)

Compatibility
  [OK] Required components present (python3-pillow, python3-requests)
  [OK] Package matches this receiver

Storage
  [OK] Free space: 53247 MB
  [OK] Poster cache: /tmp/CINEVIEW-MLA/poster (your setting, kept)

Existing installation
  [..] Current version: 1.0.0~openbh11
  [..] New version:     1.0.0~openbh11
  [!!] Reinstall requested

Package
  [OK] Package verified (SHA256)

Installing
  [OK] Restore point saved
  [!!] The image's shell crashed during the installation (signal 11) - one more attempt
  [OK] Second attempt completed
  [OK] CineView MLA 1.0.0~openbh11 installed

Verification
  [OK] Package version 1.0.0~openbh11
  [OK] Skin files present
  [OK] Plugin loadable
  [OK] Plugin icon present
  [OK] CineView Designs available in the Plugin Browser

Result
  CineView MLA 1.0.0~openbh11 installed successfully.

  +-----------------------------------------------------+
  |  Restart the GUI to load CineView MLA 1.0.0~openbh11. |
  +-----------------------------------------------------+
  [..] Later: Menu > Standby / Restart > Restart GUI

EXIT=0
Version: 1.0.0~openbh11
Status: install ok installed
=============== I5

  CineView MLA Smart Installer    version 1.0.0
  Design & Development by habeb-s (c) 2026

Device
  [OK] Vu+ Duo4K SE

Image
  [OK] OpenBH 5.6 detected

Version
  [OK] OpenBH 5.6 is supported (tested on OpenBH 5.6)

Python
  [OK] Python 3.13 compatible

Architecture
  [OK] Architecture: cortexa15hf-neon-vfpv4 (CineView MLA is architecture-independent)

Compatibility
  [OK] Required components present (python3-pillow, python3-requests)
  [OK] Package matches this receiver

Storage
  [OK] Free space: 53247 MB
  [OK] Poster cache: /tmp/CINEVIEW-MLA/poster (your setting, kept)

Existing installation
  [..] Current version: 1.0.0~openbh11
  [..] New version:     1.0.0~openbh11
  [!!] Reinstall requested

Package
  [OK] Package verified (SHA256)

Installing
  [OK] Restore point saved
  [!!] The image's shell crashed during the installation (signal 11) - one more attempt
  [XX] The package manager stopped the installation twice (package state: install ok half-installed).

CineView MLA was not installed. Run the installer again: it repairs the incomplete installation first.

EXIT=1
Version: 1.0.0~openbh11
Status: install ok half-installed
=============== I6

  CineView MLA Smart Installer    version 1.0.0
  Design & Development by habeb-s (c) 2026

Device
  [OK] Vu+ Duo4K SE

Image
  [OK] OpenBH 5.6 detected

Version
  [OK] OpenBH 5.6 is supported (tested on OpenBH 5.6)

Python
  [OK] Python 3.13 compatible

Architecture
  [OK] Architecture: cortexa15hf-neon-vfpv4 (CineView MLA is architecture-independent)

Compatibility
  [OK] Required components present (python3-pillow, python3-requests)
  [OK] Package matches this receiver

Storage
  [OK] Free space: 53247 MB
  [OK] Poster cache: /tmp/CINEVIEW-MLA/poster (your setting, kept)

Existing installation
  [!!] An earlier CineView MLA installation was not completed (package state: install ok half-installed)
  [..] It is repaired with a verified reinstall of CineView MLA 1.0.0~openbh11

Package
  [OK] Package verified (SHA256)

Installing
  [OK] Restore point saved
  [OK] CineView MLA 1.0.0~openbh11 installed

Verification
  [OK] Package version 1.0.0~openbh11
  [OK] Skin files present
  [OK] Plugin loadable
  [OK] Plugin icon present
  [OK] CineView Designs available in the Plugin Browser

Result
  CineView MLA 1.0.0~openbh11 installed successfully.

  +-----------------------------------------------------+
  |  Restart the GUI to load CineView MLA 1.0.0~openbh11. |
  +-----------------------------------------------------+
  [..] Later: Menu > Standby / Restart > Restart GUI

EXIT=0
Version: 1.0.0~openbh11
Status: install ok installed
=============== I7

  CineView MLA Smart Installer    version 1.0.0
  Design & Development by habeb-s (c) 2026

Device
  [OK] Vu+ Duo4K SE

Image
  [XX] enigma.info names OpenATV, but the image's screens are not OpenATV's: the image cannot be identified reliably.

CineView MLA was not installed. Nothing was changed on this receiver.

EXIT=1
Version: 1.0.0~openbh11
Status: install ok installed
=============== I8

  CineView MLA Smart Installer    version 1.0.0
  Design & Development by habeb-s (c) 2026

Device
  [OK] Vu+ Duo4K SE

Image
  [XX] This image does not name itself in /usr/lib/enigma.info: it cannot be identified.

CineView MLA was not installed. Nothing was changed on this receiver.

EXIT=1
Version: 1.0.0~openbh11
Status: install ok installed
Version: 1.0.0~openbh11
Status: install ok installed
   test restore point removed: 20261008-054944
   test restore point removed: 20261008-054950
   test restore point removed: 20261008-054957
   test restore point removed: 20261008-055003
T108I_DONE
