pin: /tmp/CINEVIEW-MLA/poster
CineView MLA: image openbh 5.6 on vuduo4kse
CineView MLA: your design, theme and settings were kept.
CineView MLA installed. Select it in Menu > Setup > User Interface > Skin, then restart the GUI.
Upgrading enigma2-plugin-skins-cineview-fhd-mla (1.0.0~openbh10) to enigma2-plugin-skins-cineview-fhd-mla (1.0.0~openbh11) on root
Configuring enigma2-plugin-skins-cineview-fhd-mla.
Version: 1.0.0~openbh11
Status: install ok installed
== GUI restart
00_startup     tb=0 skinerr=0 missing=17 notimpl=6 screens: <embedded-in-HideVBILine> BufferIndicator ChannelSelection Dish InfoBar Mute RdsInfoDisplay Screensaver SecondInfoBar SlimChannelSelection SubtitleDisplay TimeshiftState UnhandledKey Volume 
playing: Cinemax HD | now: 'Zulu' | next: 'Jerry Maguire'
infobar        tb=0 skinerr=0 missing=0 notimpl=0 screens: 
sib            tb=0 skinerr=0 missing=0 notimpl=0 screens: 
chansel        tb=0 skinerr=0 missing=0 notimpl=0 screens: 
mark           tb=0 skinerr=0 missing=0 notimpl=0 screens: 
grid           tb=0 skinerr=0 missing=4 notimpl=0 screens: GraphicalEPGPIG 
single         tb=0 skinerr=0 missing=2 notimpl=0 screens: EPGSelection 
multi          tb=0 skinerr=0 missing=1 notimpl=0 screens: EPGSelectionMulti 
ibgrid         tb=0 skinerr=0 missing=4 notimpl=0 screens: GraphicalInfoBarEPG 
eventview      tb=0 skinerr=0 missing=10 notimpl=2 screens: EventView 
evinfo         tb=0 skinerr=0 missing=10 notimpl=2 screens: EventView 
evsimple       tb=0 skinerr=0 missing=2 notimpl=0 screens: EventViewSimple 
pvr            tb=0 skinerr=0 missing=0 notimpl=0 screens: MovieSelection 
plugins        tb=0 skinerr=0 missing=0 notimpl=0 screens: PluginBrowser 
pkgremove      tb=0 skinerr=0 missing=0 notimpl=0 screens: PluginDownloadBrowser 
pkgdownload    tb=0 skinerr=0 missing=0 notimpl=0 screens: PluginDownloadBrowser 
console        tb=0 skinerr=0 missing=0 notimpl=0 screens: Console 
designs        tb=0 skinerr=0 missing=1 notimpl=0 screens: CineViewMLASetup 
setup_ui       tb=0 skinerr=0 missing=0 notimpl=0 screens: Setup 
setup_usage    tb=0 skinerr=0 missing=0 notimpl=0 screens: Setup 
msg_info       tb=0 skinerr=0 missing=0 notimpl=0 screens: MessageBox 
msg_yesno      tb=0 skinerr=0 missing=0 notimpl=0 screens: MessageBox 
msg_long       tb=0 skinerr=0 missing=0 notimpl=0 screens: MessageBox 
poster cache /tmp: 111 files; crash logs today: 0
T106_DONE
