selection before: --theme navy --set channelselection=classic --set epg=classic --set eventview=classic --set infobar=classic --set pvr=classic --set secondinfobar=classic
progress bar before: '(default)'
g000136
pin: /tmp/CINEVIEW-MLA/poster
playing: CineStar TV Action and Thriller HD | now: 'Tabu' | next: 'Kolaž program'
chansel        tb=0 skinerr=0 missing=0 notimpl=0 screens: 
poster cache /tmp: 133 files; crash logs today: 0
T106_DONE
pin: /tmp/CINEVIEW-MLA/poster
playing: Cinemax HD | now: 'Jerry Maguire' | next: 'Za Adamovo dobro'
chansel        tb=0 skinerr=0 missing=0 notimpl=0 screens: 
poster cache /tmp: 133 files; crash logs today: 0
T106_DONE
g000137
pin: /tmp/CINEVIEW-MLA/poster
playing: CineStar TV Action and Thriller HD | now: 'Tabu' | next: 'Kolaž program'
chansel        tb=0 skinerr=0 missing=0 notimpl=0 screens: 
poster cache /tmp: 133 files; crash logs today: 0
T106_DONE
pin: /tmp/CINEVIEW-MLA/poster
playing: Cinemax HD | now: 'Jerry Maguire' | next: 'Za Adamovo dobro'
chansel        tb=0 skinerr=0 missing=0 notimpl=0 screens: 
poster cache /tmp: 133 files; crash logs today: 0
T106_DONE
g000138
pin: /tmp/CINEVIEW-MLA/poster
playing: CineStar TV Action and Thriller HD | now: 'Tabu' | next: 'Kolaž program'
chansel        tb=0 skinerr=0 missing=0 notimpl=0 screens: 
poster cache /tmp: 133 files; crash logs today: 0
T106_DONE
pin: /tmp/CINEVIEW-MLA/poster
playing: Cinemax HD | now: 'Jerry Maguire' | next: 'Za Adamovo dobro'
chansel        tb=0 skinerr=0 missing=0 notimpl=0 screens: 
poster cache /tmp: 133 files; crash logs today: 0
T106_DONE
g000139
pin: /tmp/CINEVIEW-MLA/poster
playing: CineStar TV Action and Thriller HD | now: 'Tabu' | next: 'Kolaž program'
chansel        tb=0 skinerr=0 missing=0 notimpl=0 screens: 
poster cache /tmp: 133 files; crash logs today: 0
T106_DONE
pin: /tmp/CINEVIEW-MLA/poster
playing: Cinemax HD | now: 'Jerry Maguire' | next: 'Za Adamovo dobro'
chansel        tb=0 skinerr=0 missing=0 notimpl=0 screens: 
poster cache /tmp: 133 files; crash logs today: 0
T106_DONE
g000140
pin: /tmp/CINEVIEW-MLA/poster
playing: CineStar TV Action and Thriller HD | now: 'Tabu' | next: 'Kolaž program'
chansel        tb=0 skinerr=0 missing=0 notimpl=0 screens: 
poster cache /tmp: 133 files; crash logs today: 0
T106_DONE
pin: /tmp/CINEVIEW-MLA/poster
playing: Cinemax HD | now: 'Jerry Maguire' | next: 'Za Adamovo dobro'
chansel        tb=0 skinerr=0 missing=0 notimpl=0 screens: 
poster cache /tmp: 133 files; crash logs today: 0
T106_DONE
g000141
pin: /tmp/CINEVIEW-MLA/poster
playing: CineStar TV Action and Thriller HD | now: 'Tabu' | next: 'Kolaž program'
chansel        tb=0 skinerr=0 missing=0 notimpl=0 screens: 
poster cache /tmp: 133 files; crash logs today: 0
T106_DONE
pin: /tmp/CINEVIEW-MLA/poster
playing: Cinemax HD | now: 'Jerry Maguire' | next: 'Za Adamovo dobro'
chansel        tb=0 skinerr=0 missing=0 notimpl=0 screens: 
poster cache /tmp: 133 files; crash logs today: 0
T106_DONE
g000142
pin: /tmp/CINEVIEW-MLA/poster
playing: CineStar TV Action and Thriller HD | now: 'Tabu' | next: 'Kolaž program'
chansel        tb=0 skinerr=0 missing=0 notimpl=0 screens: 
poster cache /tmp: 133 files; crash logs today: 0
T106_DONE
pin: /tmp/CINEVIEW-MLA/poster
playing: Cinemax HD | now: 'Jerry Maguire' | next: 'Za Adamovo dobro'
chansel        tb=0 skinerr=0 missing=0 notimpl=0 screens: 
poster cache /tmp: 133 files; crash logs today: 0
T106_DONE
g000143
pin: /tmp/CINEVIEW-MLA/poster
playing: CineStar TV Action and Thriller HD | now: 'Tabu' | next: 'Kolaž program'
chansel        tb=0 skinerr=0 missing=0 notimpl=0 screens: 
poster cache /tmp: 133 files; crash logs today: 0
T106_DONE
pin: /tmp/CINEVIEW-MLA/poster
playing: Cinemax HD | now: 'Jerry Maguire' | next: 'Za Adamovo dobro'
chansel        tb=0 skinerr=0 missing=0 notimpl=0 screens: 
poster cache /tmp: 133 files; crash logs today: 0
T106_DONE
g000144
pin: /tmp/CINEVIEW-MLA/poster
playing: CineStar TV Action and Thriller HD | now: 'Tabu' | next: 'Kolaž program'
chansel        tb=0 skinerr=0 missing=0 notimpl=0 screens: 
poster cache /tmp: 133 files; crash logs today: 0
T106_DONE
pin: /tmp/CINEVIEW-MLA/poster
playing: Cinemax HD | now: 'Jerry Maguire' | next: 'Za Adamovo dobro'
chansel        tb=0 skinerr=0 missing=0 notimpl=0 screens: 
poster cache /tmp: 133 files; crash logs today: 0
T106_DONE
g000145
pin: /tmp/CINEVIEW-MLA/poster
playing: CineStar TV Action and Thriller HD | now: 'Tabu' | next: 'Kolaž program'
chansel        tb=0 skinerr=0 missing=0 notimpl=0 screens: 
poster cache /tmp: 133 files; crash logs today: 0
T106_DONE
pin: /tmp/CINEVIEW-MLA/poster
playing: Cinemax HD | now: 'Jerry Maguire' | next: 'Za Adamovo dobro'
chansel        tb=0 skinerr=0 missing=0 notimpl=0 screens: 
poster cache /tmp: 133 files; crash logs today: 0
T106_DONE
g000146
pin: /tmp/CINEVIEW-MLA/poster
playing: CineStar TV Action and Thriller HD | now: 'Kolaž program' | next: 'Lopovi'
chansel        tb=0 skinerr=0 missing=0 notimpl=0 screens: 
poster cache /tmp: 133 files; crash logs today: 0
T106_DONE
pin: /tmp/CINEVIEW-MLA/poster
playing: Cinemax HD | now: 'Jerry Maguire' | next: 'Za Adamovo dobro'
chansel        tb=0 skinerr=0 missing=0 notimpl=0 screens: 
poster cache /tmp: 133 files; crash logs today: 0
T106_DONE
g000147
pin: /tmp/CINEVIEW-MLA/poster
playing: CineStar TV Action and Thriller HD | now: 'Kolaž program' | next: 'Lopovi'
chansel        tb=0 skinerr=0 missing=0 notimpl=0 screens: 
poster cache /tmp: 133 files; crash logs today: 0
T106_DONE
pin: /tmp/CINEVIEW-MLA/poster
playing: Cinemax HD | now: 'Jerry Maguire' | next: 'Za Adamovo dobro'
chansel        tb=0 skinerr=0 missing=0 notimpl=0 screens: 
poster cache /tmp: 133 files; crash logs today: 0
T106_DONE
progress bar restored: ''
== restore: --theme navy --set channelselection=classic --set epg=classic --set eventview=classic --set infobar=classic --set pvr=classic --set secondinfobar=classic
g000148
T106X_DONE
