selection before: --theme navy --set channelselection=classic --set epg=classic --set eventview=classic --set infobar=classic --set pvr=classic --set secondinfobar=classic
progress bar before: '(default)'
g000082
pin: /tmp/CINEVIEW-MLA/poster
playing: CineStar TV Action and Thriller HD | now: 'Grof Monte Cristo' | next: 'Sicario'
chansel        tb=0 skinerr=0 missing=0 notimpl=0 screens: 
poster cache /tmp: 85 files; crash logs today: 0
T106_DONE
g000083
pin: /tmp/CINEVIEW-MLA/poster
playing: CineStar TV Action and Thriller HD | now: 'Grof Monte Cristo' | next: 'Sicario'
chansel        tb=0 skinerr=0 missing=0 notimpl=0 screens: 
poster cache /tmp: 85 files; crash logs today: 0
T106_DONE
g000084
pin: /tmp/CINEVIEW-MLA/poster
playing: CineStar TV Action and Thriller HD | now: 'Grof Monte Cristo' | next: 'Sicario'
chansel        tb=0 skinerr=0 missing=0 notimpl=0 screens: 
poster cache /tmp: 85 files; crash logs today: 0
T106_DONE
g000085
pin: /tmp/CINEVIEW-MLA/poster
playing: CineStar TV Action and Thriller HD | now: 'Grof Monte Cristo' | next: 'Sicario'
chansel        tb=0 skinerr=0 missing=0 notimpl=0 screens: 
poster cache /tmp: 85 files; crash logs today: 0
T106_DONE
g000086
pin: /tmp/CINEVIEW-MLA/poster
playing: CineStar TV Action and Thriller HD | now: 'Grof Monte Cristo' | next: 'Sicario'
chansel        tb=0 skinerr=0 missing=0 notimpl=0 screens: 
poster cache /tmp: 85 files; crash logs today: 0
T106_DONE
g000087
pin: /tmp/CINEVIEW-MLA/poster
playing: CineStar TV Action and Thriller HD | now: 'Grof Monte Cristo' | next: 'Sicario'
chansel        tb=0 skinerr=0 missing=0 notimpl=0 screens: 
poster cache /tmp: 85 files; crash logs today: 0
T106_DONE
g000088
pin: /tmp/CINEVIEW-MLA/poster
playing: CineStar TV Action and Thriller HD | now: 'Grof Monte Cristo' | next: 'Sicario'
chansel        tb=0 skinerr=0 missing=0 notimpl=0 screens: 
poster cache /tmp: 85 files; crash logs today: 0
T106_DONE
g000089
pin: /tmp/CINEVIEW-MLA/poster
playing: CineStar TV Action and Thriller HD | now: 'Grof Monte Cristo' | next: 'Sicario'
chansel        tb=0 skinerr=0 missing=0 notimpl=0 screens: 
poster cache /tmp: 85 files; crash logs today: 0
T106_DONE
g000090
pin: /tmp/CINEVIEW-MLA/poster
playing: CineStar TV Action and Thriller HD | now: 'Grof Monte Cristo' | next: 'Sicario'
chansel        tb=0 skinerr=0 missing=0 notimpl=0 screens: 
poster cache /tmp: 85 files; crash logs today: 0
T106_DONE
g000091
pin: /tmp/CINEVIEW-MLA/poster
playing: CineStar TV Action and Thriller HD | now: 'Grof Monte Cristo' | next: 'Sicario'
chansel        tb=0 skinerr=0 missing=0 notimpl=0 screens: 
poster cache /tmp: 85 files; crash logs today: 0
T106_DONE
g000092
pin: /tmp/CINEVIEW-MLA/poster
playing: CineStar TV Action and Thriller HD | now: 'Grof Monte Cristo' | next: 'Sicario'
chansel        tb=0 skinerr=0 missing=0 notimpl=0 screens: 
poster cache /tmp: 85 files; crash logs today: 0
T106_DONE
g000093
pin: /tmp/CINEVIEW-MLA/poster
playing: CineStar TV Action and Thriller HD | now: 'Grof Monte Cristo' | next: 'Sicario'
chansel        tb=0 skinerr=0 missing=0 notimpl=0 screens: 
poster cache /tmp: 85 files; crash logs today: 0
T106_DONE
progress bar restored: ''
== restore: --theme navy --set channelselection=classic --set epg=classic --set eventview=classic --set infobar=classic --set pvr=classic --set secondinfobar=classic
g000094
T106X_DONE
