/dev/sdb1                56.1G      4.1G     52.0G   7% /
== timer 1791397166..1791397256 -> /home/root/cvmla-testmedia/
   timeradd: True Timer 'CineView MLA PVR test' added
   files: drwxr-xr-x    2 root     root          4096 Oct  7 21:20 .
drwx------    8 root     root          4096 Oct  7 20:30 ..
-rw-r--r--    1 root     root           512 Oct  7 21:19 20261007 2119 - Cinemax HD - CineView MLA PVR test.eit
-rw-r--r--    1 root     root      48513024 Oct  7 21:20 20261007 2119 - Cinemax HD - CineView MLA PVR test.ts
-rw-r--r--    1 root     root          2112 Oct  7 21:20 20261007 2119 - Cinemax HD - CineView MLA PVR test.ts.ap
-rw-r--r--    1 root     root             0 Oct  7 21:20 20261007 2119 - Cinemax HD - CineView MLA PVR test.ts.cuts
-rw-r--r--    1 root     root           198 Oct  7 21:19 20261007 2119 - Cinemax HD - CineView MLA PVR test.ts.meta
-rw-r--r--    1 root     root         71920 Oct  7 21:20 20261007 2119 - Cinemax HD - CineView MLA PVR test.ts.sc
== native PVR
   cap 01_list
   cap 02_info
   cap 03_down
   cap 04_up
   cap 05_select
   cap 06_playing
< 29233.802192> 21:21:43.1694 [Skin] Processing screen 'MoviePlayer', position=(150, 67), size=(1620 x 150) for module '
   cap 07_player_info
   cap 07b_player_infobar
   cap 08_after_stop
   tracebacks=0 skin_errors=0
g000098
   pvr layout restored: classic
== cleanup
   timerdelete: True The timer 'CineView MLA PVR test' has been deleted successfully
   deleted 20261007 2119 - Cinemax HD - CineView MLA PVR test.eit
   deleted 20261007 2119 - Cinemax HD - CineView MLA PVR test.ts
   deleted 20261007 2119 - Cinemax HD - CineView MLA PVR test.ts.ap
   deleted 20261007 2119 - Cinemax HD - CineView MLA PVR test.ts.cuts
   deleted 20261007 2119 - Cinemax HD - CineView MLA PVR test.ts.meta
   deleted 20261007 2119 - Cinemax HD - CineView MLA PVR test.ts.sc
drwxr-xr-x    2 root     root          4096 Oct  7 21:23 .
drwx------    8 root     root          4096 Oct  7 20:30 ..
   folder removed
   timers.xml identical to the backup
T107P_DONE
