/dev/sdb1                56.1G      4.1G     52.0G   7% /
== timer 1791386462..1791386552 -> /home/root/cvmla-testmedia/
   timeradd: True Timer 'CineView MLA PVR test' added
   files: drwxr-xr-x    2 root     root          4096 Oct  7 18:22 .
drwx------    8 root     root          4096 Oct  7 18:12 ..
-rw-r--r--    1 root     root           892 Oct  7 18:20 20261007 1821 - Cinemax HD - CineView MLA PVR test.eit
-rw-r--r--    1 root     root      44277760 Oct  7 18:22 20261007 1821 - Cinemax HD - CineView MLA PVR test.ts
-rw-r--r--    1 root     root          2064 Oct  7 18:22 20261007 1821 - Cinemax HD - CineView MLA PVR test.ts.ap
-rw-r--r--    1 root     root             0 Oct  7 18:22 20261007 1821 - Cinemax HD - CineView MLA PVR test.ts.cuts
-rw-r--r--    1 root     root           198 Oct  7 18:20 20261007 1821 - Cinemax HD - CineView MLA PVR test.ts.meta
-rw-r--r--    1 root     root         71680 Oct  7 18:22 20261007 1821 - Cinemax HD - CineView MLA PVR test.ts.sc
== native PVR
   cap 01_list
   cap 02_info
   cap 03_down
   cap 04_up
   cap 05_select
   cap 06_playing
   cap 07_player_infobar
   cap 08_after_stop
   cap 09_after_stop_ok
   tracebacks=0 skin_errors=0
== cleanup
   timerdelete: True The timer 'CineView MLA PVR test' has been deleted successfully
   deleted 20261007 1821 - Cinemax HD - CineView MLA PVR test.eit
   deleted 20261007 1821 - Cinemax HD - CineView MLA PVR test.ts
   deleted 20261007 1821 - Cinemax HD - CineView MLA PVR test.ts.ap
   deleted 20261007 1821 - Cinemax HD - CineView MLA PVR test.ts.cuts
   deleted 20261007 1821 - Cinemax HD - CineView MLA PVR test.ts.meta
   deleted 20261007 1821 - Cinemax HD - CineView MLA PVR test.ts.sc
drwxr-xr-x    2 root     root          4096 Oct  7 18:23 .
drwx------    8 root     root          4096 Oct  7 18:12 ..
   folder removed
   timers.xml identical to the backup
T107P_DONE
