
  CineView MLA Smart Installer    version 1.3.2
  Design & Development by habeb-s (c) 2026

Device
  [OK] Octagon SF8008 4K Supreme (sf8008, confirmed by the receiver driver)

Image
  [OK] OpenATV 7.6.0 detected (image information and the image's own files agree)

Version
  [OK] OpenATV 7.6.0 is supported (OpenATV 7.6 and newer)

Python
  [OK] Python 3.13 - CineView MLA package for OpenATV / Python 3.13
  [OK] Package source: CineView MLA distribution point

Architecture
  [OK] Architecture: cortexa15hf-neon-vfpv4 (CineView MLA is architecture-independent)

Compatibility
  [OK] Enigma2 components used by the design present (Addons, MovieInfo FullDescription)
  [OK] Required components present (python3-pillow, python3-requests)
  [OK] Package matches this receiver (OpenATV 7.6.0, Python 3.13, cortexa15hf-neon-vfpv4)

Storage
  [OK] Free space: 4079 MB
  [!!] Poster cache: /tmp (no hard disk or USB storage found - posters are fetched again after a reboot)

Existing installation
  [..] Current version: 1.0.1~openatv.py313
  [..] New version:     1.0.2~openatv.py313
  [OK] Upgrade: your design, theme, profiles, settings and poster cache are kept

Package
  [OK] Package verified (SHA256)

Installing
  [OK] Restore point saved
  [OK] CineView MLA 1.0.2~openatv.py313 installed

Verification
  [OK] Package version 1.0.2~openatv.py313
  [OK] Skin files present
  [OK] Plugin loadable
  [OK] Plugin icon present
  [OK] CineView Designs available in the Plugin Browser

Result
  CineView MLA 1.0.2~openatv.py313 installed successfully.

  +-----------------------------------------------------+
  |  Restart the GUI to load CineView MLA 1.0.2~openatv.py313. |
  +-----------------------------------------------------+
  [..] Later: Menu > Standby / Restart > Restart GUI

RC=0
