pin: /tmp/CINEVIEW-MLA/poster
playing: HBO HD | now: '' | next: 'Leonardo. Odkrywca'
infobar        tb=0 skinerr=0 missing=0 notimpl=0 screens: 
sib            tb=0 skinerr=0 missing=0 notimpl=0 screens: 
chansel        tb=0 skinerr=0 missing=0 notimpl=1 screens: 
grid           tb=0 skinerr=0 missing=4 notimpl=0 screens: GraphicalEPGPIG 
single         tb=0 skinerr=0 missing=2 notimpl=1 screens: EPGSelection 
multi          tb=0 skinerr=0 missing=1 notimpl=1 screens: EPGSelectionMulti 
ibgrid         tb=0 skinerr=0 missing=4 notimpl=1 screens: GraphicalInfoBarEPG 
eventview      tb=0 skinerr=0 missing=10 notimpl=2 screens: EventView 
evinfo         tb=0 skinerr=0 missing=4 notimpl=0 screens: GraphicalEPGPIG 
evsimple       tb=0 skinerr=0 missing=2 notimpl=0 screens: EventViewSimple 
pvr            tb=0 skinerr=0 missing=0 notimpl=0 screens: MovieSelection 
plugins        tb=0 skinerr=0 missing=0 notimpl=0 screens: PluginBrowser 
designs        tb=0 skinerr=0 missing=1 notimpl=0 screens: CineViewMLASetup 
setup_ui       tb=0 skinerr=0 missing=0 notimpl=0 screens: Setup 
setup_usage    tb=0 skinerr=0 missing=0 notimpl=0 screens: Setup 
msg_info       tb=0 skinerr=0 missing=0 notimpl=0 screens: MessageBox 
msg_yesno      tb=0 skinerr=0 missing=0 notimpl=0 screens: MessageBox 
msg_long       tb=0 skinerr=0 missing=0 notimpl=0 screens: MessageBox 
poster cache /tmp: 8 files; crash logs today: 0
T106_DONE
