selection before: --theme navy --set channelselection=classic --set epg=classic --set eventview=classic --set infobar=classic --set pvr=classic --set secondinfobar=classic
progress bar before: 'barright'
g000008
pin: /tmp/CINEVIEW-MLA/poster
playing: AL MALAKOOT SAT – THE KINGDOM SAT الملكوت سات | now: '' | next: ''
chansel        tb=0 skinerr=0 missing=0 notimpl=1 screens: 
poster cache /tmp: 41 files; crash logs today: 0
T106_DONE
pin: /tmp/CINEVIEW-MLA/poster
playing: HBO HD | now: 'Green Book' | next: 'Pewny kandydat. Jak nie zostać prezydentem'
chansel        tb=0 skinerr=0 missing=0 notimpl=1 screens: 
poster cache /tmp: 45 files; crash logs today: 0
T106_DONE
g000009
pin: /tmp/CINEVIEW-MLA/poster
playing: AL MALAKOOT SAT – THE KINGDOM SAT الملكوت سات | now: '' | next: ''
chansel        tb=0 skinerr=0 missing=0 notimpl=1 screens: 
poster cache /tmp: 47 files; crash logs today: 0
T106_DONE
pin: /tmp/CINEVIEW-MLA/poster
playing: HBO HD | now: 'Green Book' | next: 'Pewny kandydat. Jak nie zostać prezydentem'
chansel        tb=0 skinerr=0 missing=0 notimpl=1 screens: 
poster cache /tmp: 47 files; crash logs today: 0
T106_DONE
g000010
pin: /tmp/CINEVIEW-MLA/poster
playing: AL MALAKOOT SAT – THE KINGDOM SAT الملكوت سات | now: '' | next: ''
chansel        tb=0 skinerr=0 missing=0 notimpl=1 screens: 
poster cache /tmp: 47 files; crash logs today: 0
T106_DONE
pin: /tmp/CINEVIEW-MLA/poster
playing: HBO HD | now: 'Green Book' | next: 'Pewny kandydat. Jak nie zostać prezydentem'
chansel        tb=0 skinerr=0 missing=0 notimpl=1 screens: 
poster cache /tmp: 47 files; crash logs today: 0
T106_DONE
g000011
pin: /tmp/CINEVIEW-MLA/poster
playing: AL MALAKOOT SAT – THE KINGDOM SAT الملكوت سات | now: '' | next: ''
chansel        tb=0 skinerr=0 missing=0 notimpl=1 screens: 
poster cache /tmp: 47 files; crash logs today: 0
T106_DONE
pin: /tmp/CINEVIEW-MLA/poster
playing: HBO HD | now: 'Green Book' | next: 'Pewny kandydat. Jak nie zostać prezydentem'
chansel        tb=0 skinerr=0 missing=0 notimpl=1 screens: 
poster cache /tmp: 47 files; crash logs today: 0
T106_DONE
g000012
pin: /tmp/CINEVIEW-MLA/poster
playing: AL MALAKOOT SAT – THE KINGDOM SAT الملكوت سات | now: '' | next: ''
chansel        tb=0 skinerr=0 missing=0 notimpl=1 screens: 
poster cache /tmp: 47 files; crash logs today: 0
T106_DONE
pin: /tmp/CINEVIEW-MLA/poster
playing: HBO HD | now: 'Green Book' | next: 'Pewny kandydat. Jak nie zostać prezydentem'
chansel        tb=0 skinerr=0 missing=0 notimpl=1 screens: 
poster cache /tmp: 47 files; crash logs today: 0
T106_DONE
g000013
pin: /tmp/CINEVIEW-MLA/poster
playing: AL MALAKOOT SAT – THE KINGDOM SAT الملكوت سات | now: '' | next: ''
chansel        tb=0 skinerr=0 missing=0 notimpl=1 screens: 
poster cache /tmp: 47 files; crash logs today: 0
T106_DONE
pin: /tmp/CINEVIEW-MLA/poster
playing: HBO HD | now: 'Green Book' | next: 'Pewny kandydat. Jak nie zostać prezydentem'
chansel        tb=0 skinerr=0 missing=0 notimpl=1 screens: 
poster cache /tmp: 47 files; crash logs today: 0
T106_DONE
progress bar restored: 'barright'
== restore: --theme navy --set channelselection=classic --set epg=classic --set eventview=classic --set infobar=classic --set pvr=classic --set secondinfobar=classic
g000014
T106X_DONE
