selection before: --theme navy --set channelselection=classic --set epg=classic --set eventview=classic --set infobar=classic --set pvr=classic --set secondinfobar=classic
g000028
pin: /tmp/CINEVIEW-MLA/poster
playing: HBO HD | now: 'Pewny kandydat. Jak nie zostać prezydentem' | next: 'Makbet'
infobar        tb=0 skinerr=0 missing=0 notimpl=0 screens: 
sib            tb=0 skinerr=0 missing=0 notimpl=0 screens: 
chansel        tb=0 skinerr=0 missing=0 notimpl=1 screens: 
grid           tb=0 skinerr=0 missing=4 notimpl=0 screens: GraphicalEPGPIG 
evinfo         tb=0 skinerr=0 missing=4 notimpl=0 screens: GraphicalEPGPIG 
poster cache /tmp: 73 files; crash logs today: 0
T106_DONE
g000029
pin: /tmp/CINEVIEW-MLA/poster
playing: HBO HD | now: 'Pewny kandydat. Jak nie zostać prezydentem' | next: 'Makbet'
infobar        tb=0 skinerr=0 missing=0 notimpl=0 screens: 
sib            tb=0 skinerr=0 missing=0 notimpl=0 screens: 
chansel        tb=0 skinerr=0 missing=0 notimpl=1 screens: 
grid           tb=0 skinerr=0 missing=4 notimpl=0 screens: GraphicalEPGPIG 
evinfo         tb=0 skinerr=0 missing=4 notimpl=0 screens: GraphicalEPGPIG 
poster cache /tmp: 73 files; crash logs today: 0
T106_DONE
== restore: --theme navy --set channelselection=classic --set epg=classic --set eventview=classic --set infobar=classic --set pvr=classic --set secondinfobar=classic
g000030
T106X_DONE
