selection before: --theme navy --set channelselection=classic --set epg=classic --set eventview=classic --set infobar=classic --set pvr=classic --set secondinfobar=classic
grid.pig before: '(default)'
g000031
pin: /tmp/CINEVIEW-MLA/poster
playing: HBO HD | now: 'Pewny kandydat. Jak nie zostać prezydentem' | next: 'Makbet'
grid           tb=0 skinerr=0 missing=4 notimpl=1 screens: GraphicalEPG 
ibgrid         tb=0 skinerr=0 missing=4 notimpl=1 screens: GraphicalInfoBarEPG 
single         tb=0 skinerr=0 missing=2 notimpl=1 screens: EPGSelection 
multi          tb=0 skinerr=0 missing=1 notimpl=1 screens: EPGSelectionMulti 
poster cache /tmp: 74 files; crash logs today: 0
T106_DONE
g000032
pin: /tmp/CINEVIEW-MLA/poster
playing: HBO HD | now: 'Pewny kandydat. Jak nie zostać prezydentem' | next: 'Makbet'
grid           tb=0 skinerr=0 missing=4 notimpl=1 screens: GraphicalEPG 
ibgrid         tb=0 skinerr=0 missing=4 notimpl=1 screens: GraphicalInfoBarEPG 
single         tb=0 skinerr=0 missing=2 notimpl=1 screens: EPGSelection 
multi          tb=0 skinerr=0 missing=1 notimpl=1 screens: EPGSelectionMulti 
poster cache /tmp: 74 files; crash logs today: 0
T106_DONE
g000033
pin: /tmp/CINEVIEW-MLA/poster
playing: HBO HD | now: 'Pewny kandydat. Jak nie zostać prezydentem' | next: 'Makbet'
grid           tb=0 skinerr=0 missing=4 notimpl=1 screens: GraphicalEPG 
ibgrid         tb=0 skinerr=0 missing=4 notimpl=1 screens: GraphicalInfoBarEPG 
single         tb=0 skinerr=0 missing=2 notimpl=1 screens: EPGSelection 
multi          tb=0 skinerr=0 missing=1 notimpl=1 screens: EPGSelectionMulti 
poster cache /tmp: 74 files; crash logs today: 0
T106_DONE
g000034
pin: /tmp/CINEVIEW-MLA/poster
playing: HBO HD | now: 'Pewny kandydat. Jak nie zostać prezydentem' | next: 'Makbet'
grid           tb=0 skinerr=0 missing=4 notimpl=1 screens: GraphicalEPG 
ibgrid         tb=0 skinerr=0 missing=4 notimpl=1 screens: GraphicalInfoBarEPG 
single         tb=0 skinerr=0 missing=2 notimpl=1 screens: EPGSelection 
multi          tb=0 skinerr=0 missing=1 notimpl=1 screens: EPGSelectionMulti 
poster cache /tmp: 74 files; crash logs today: 0
T106_DONE
g000035
pin: /tmp/CINEVIEW-MLA/poster
playing: HBO HD | now: 'Pewny kandydat. Jak nie zostać prezydentem' | next: 'Makbet'
grid           tb=0 skinerr=0 missing=4 notimpl=1 screens: GraphicalEPG 
ibgrid         tb=0 skinerr=0 missing=4 notimpl=1 screens: GraphicalInfoBarEPG 
single         tb=0 skinerr=0 missing=2 notimpl=1 screens: EPGSelection 
multi          tb=0 skinerr=0 missing=1 notimpl=1 screens: EPGSelectionMulti 
poster cache /tmp: 74 files; crash logs today: 0
T106_DONE
== restore: --theme navy --set channelselection=classic --set epg=classic --set eventview=classic --set infobar=classic --set pvr=classic --set secondinfobar=classic
g000036
T106X_DONE
