slot 8 requested; running: openbh 6.0 ; "isRecording": "false"
kernel=linuxrootfs8/zImage root=UUID=3cfb20d7-18b5-42b9-ad97-80f41f99dc72 rootsubdir=linuxrootfs8 rootwait=35
up: distro='openatv' imageversion='8.0.1' 1
### openatv801 P0 start
  image: openatv 8.0.1 | cineview: 1.0.5 | oaweather: 1 | cvtest: 0
  pre-start hook: none
  start-up hook: /usr/lib/python3.14/site-packages/cineview_mla_guardian.pth | skin: CineView_FHD_MLA/skin.xml | active: generations/g000001 {"omitted": []}
bash: line 5: /tmp/cvtest_prestart.log: No such file or directory
  guardian: boot.count=1 written 18:13:29 | enigma2 pid 2217 started Fri Oct  9 18:13:30 2026 | cvtest log lines: 0 | crash logs: 0
  original selection: {"layouts": {"channelselection": "posterlist", "epg": "modern", "eventview": "modern", "infobar": "modern", "pvr": "modern", "secondinfobar": "modern"}, "theme": "black"}
  skin: CineView_FHD_MLA/skin.xml
  runtime.json: 
    enigma2-plugin-extensions-oaweather - 2.4-git157+eec00e60+eec00e6b9d-r0
    enigma2-plugin-skins-cineview-fhd-mla - 1.0.5
    enigma2-tools-weatherinfo - 1.0+git99+110adaf0+110adaf685-r0
    What depends on root set
    config.plugins.OAWeather.weatherlocation=('Sayhāt, Eastern Province, SAUDI ARABIA', 50.04849, 26.48345)
    lrwxrwxrwx    1 root     root            31 Oct  9 18:13 /etc/localtime -> /usr/share/zoneinfo/Asia/Riyadh
INSTALLER_VERSION="1.3.5"
  fingerprint of OAWeather / Weatherinfo / other skins: 2500 files; packages: enigma2-plugin-extensions-oaweather enigma2-plugin-skins-metrix-atv enigma2-plugin-skins-metrix-atv-weather-icons enigma2-tools-weatherinfo 
### DONE openatv801 P
finished
