### openatv801 Z the test add-on removed; original design, skin and runtime settings restored
No packages installed or removed.
2026-10-09 18:41:17 apply: g000014 -> g000015 trial=False features={"weather": "builtin"} selection={"layouts": {"channelselection": "posterlist", "epg": "modern", "eventview": "modern", "infobar": "modern", "pvr": "modern", "secondinfobar": "modern"}, "theme": "black"}
2026-10-09 18:41:17 commit: lkg=g000015
g000015
rc=0
  image: openatv 8.0.1 | cineview: 1.0.5 | oaweather: 1 | cvtest: 0
  pre-start hook: none
  start-up hook: /usr/lib/python3.14/site-packages/cineview_mla_guardian.pth | skin: CineView_FHD_MLA/skin.xml | active: generations/g000015 {"omitted": [], "builtin": ["weather"]}
bash: line 5: /tmp/cvtest_prestart.log: No such file or directory
  guardian: boot.count=1 written 18:41:25 | enigma2 pid 31842 started Fri Oct  9 18:41:24 2026 | cvtest log lines: 0 | crash logs: 0
    {"layouts": {"channelselection": "posterlist", "epg": "modern", "eventview": "modern", "infobar": "modern", "pvr": "modern", "secondinfobar": "modern"}, "theme": "black"}
    {}
    g000015 features {"omitted": [], "builtin": ["weather"]} | weather widgets: OAWeather 0, CineView 0 | CineView weather components present, icons 10 | OAWeather installed: True
    STRICT OK (no missing renderer/converter/source)
  runtime.json before the test: 
  OAWeather / Weatherinfo / other skins: IDENTICAL before and after (2500 files, same packages and versions)
### DONE openatv801 Z
runtime.json removed (it did not exist before the test)
backup
boot.count
healthy
history.log
lkg
profiles
selection.json
txn.json
weather.json
