### openbh56 P0 start
  image: openbh 5.6 | cineview: 1.0.5~openbh1 | oaweather: 1 | cvtest: 0
  pre-start hook: none
  start-up hook: /usr/lib/python3.13/site-packages/cineview_mla_guardian.pth | skin: CineView_FHD_MLA/skin.xml | active: generations/g000001 {"omitted": []}
bash: line 5: /tmp/cvtest_prestart.log: No such file or directory
  guardian: boot.count=0 written 16:49:34 | enigma2 pid 2260 started Fri Oct  9 16:47:56 2026 | cvtest log lines: 0 | crash logs: 0
  original selection: {"layouts": {"channelselection": "classic", "epg": "classic", "eventview": "classic", "infobar": "classic", "pvr": "classic", "secondinfobar": "classic"}, "theme": "navy"}
  skin: CineView_FHD_MLA/skin.xml
  runtime.json: {
 "poster_cache": "/tmp/CINEVIEW-MLA/poster"
}
    enigma2-plugin-extensions-oaweather - 2.2-git153+be626732+be62673e8c-r0.2
    enigma2-plugin-skins-aglare-fhd - 8.4
    enigma2-plugin-skins-cineview-fhd-mla - 1.0.5~openbh1
    enigma2-plugin-skins-luka-fhd - 1.6
    enigma2-tools-weatherinfo - 1.0+git90+879c09b3+879c09b80c-r0.3
    What depends on root set
    	enigma2-plugin-skins-luka-fhd 1.6	depends on enigma2-plugin-extensions-oaweather
    	enigma2-plugin-skins-aglare-fhd 8.4	depends on enigma2-plugin-extensions-oaweather
    config.plugins.OAWeather.refreshInterval=120
    config.plugins.OAWeather.weatherlocation=('Sayhāt, Eastern Province, SAUDI ARABIA', 50.04849, 26.48345)
    lrwxrwxrwx    1 root     root            31 Oct  9 16:48 /etc/localtime -> /usr/share/zoneinfo/Asia/Riyadh
INSTALLER_VERSION="1.3.5"
  fingerprint of OAWeather / Weatherinfo / other skins: 3489 files; packages: enigma2-plugin-extensions-oaweather enigma2-plugin-extensions-weatherplugin enigma2-plugin-skins-aglare-fhd enigma2-plugin-skins-luka-fhd enigma2-plugin-skins-mxslimlinenp enigma2-tools-weatherinfo 
### DONE openbh56 P
### openbh56 U1 ROLLBACK=1 with the Smart Installer 1.3.5 -> published 1.0.4
  [..] Rollback requested: CineView MLA 1.0.4~openbh1 (previous release for OpenBH)
  [OK] Weather: OAWeather installed and built for this image's Python - its weather data is used as it is
  [!!] Return to the earlier version 1.0.4~openbh1 requested (your design, theme and profiles are kept)
  [OK] Package version 1.0.4~openbh1
  CineView MLA 1.0.4~openbh1 installed successfully.
  image: openbh 5.6 | cineview: 1.0.4~openbh1 | oaweather: 1 | cvtest: 0
  pre-start hook: 14456a41a22b owner=enigma2-plugin-skins-cineview-fhd-mla (# Installed as /usr/bin/enigma2_pre_start.sh (native OpenATV)
  start-up hook: none | skin: CineView_FHD_MLA/skin.xml | active: generations/g000002 {"omitted": []}
bash: line 5: /tmp/cvtest_prestart.log: No such file or directory
  guardian: boot.count=0 written 16:53:59 | enigma2 pid 2260 started Fri Oct  9 16:47:56 2026 | cvtest log lines: 0 | crash logs: 0
  restart:
  GUI restarted: enigma2 pid 2260 -> 10219
  image: openbh 5.6 | cineview: 1.0.4~openbh1 | oaweather: 1 | cvtest: 0
  pre-start hook: 14456a41a22b owner=enigma2-plugin-skins-cineview-fhd-mla (# Installed as /usr/bin/enigma2_pre_start.sh (native OpenATV)
  start-up hook: none | skin: CineView_FHD_MLA/skin.xml | active: generations/g000002 {"omitted": []}
bash: line 5: /tmp/cvtest_prestart.log: No such file or directory
  guardian: boot.count=1 written 16:54:04 | enigma2 pid 10219 started Fri Oct  9 16:54:04 2026 | cvtest log lines: 0 | crash logs: 0
### openbh56 U2 upgrade to 1.0.5 with the Smart Installer 1.3.5 (PKG_DIR)
  [OK] Weather: OAWeather installed and built for this image's Python - its weather data is used as it is
  [OK] Upgrade: your design, theme, profiles, settings and poster cache are kept
  [OK] Package version 1.0.5~openbh1
  CineView MLA 1.0.5~openbh1 installed successfully.
  image: openbh 5.6 | cineview: 1.0.5~openbh1 | oaweather: 1 | cvtest: 0
  pre-start hook: none
  start-up hook: /usr/lib/python3.13/site-packages/cineview_mla_guardian.pth | skin: CineView_FHD_MLA/skin.xml | active: generations/g000003 {"omitted": [], "builtin": ["weather"]}
bash: line 5: /tmp/cvtest_prestart.log: No such file or directory
  guardian: boot.count=0 written 16:54:38 | enigma2 pid 10219 started Fri Oct  9 16:54:04 2026 | cvtest log lines: 0 | crash logs: 0
    g000003 features {"omitted": [], "builtin": ["weather"]} | weather widgets: OAWeather 0, CineView 12 | CineView weather components present, icons 10 | OAWeather installed: True
    STRICT OK (no missing renderer/converter/source)
    2026-10-09 16:53:59 commit: lkg=g000002
    2026-10-09 16:54:38 apply: g000002 -> g000003 trial=False features={"weather": "builtin"} selection={"layouts": {"channelselection": "classic", "epg": "classic", "eventview": "classic", "infobar": "classic", "pvr": "classic", "secondinfobar": "classic"}, "theme": "navy"}
    2026-10-09 16:54:38 commit: lkg=g000003
    ls: /usr/bin/enigma2_pre_start.sh: No such file or directory
  restart:
  GUI restarted: enigma2 pid 10219 -> 10959
  image: openbh 5.6 | cineview: 1.0.5~openbh1 | oaweather: 1 | cvtest: 0
  pre-start hook: none
  start-up hook: /usr/lib/python3.13/site-packages/cineview_mla_guardian.pth | skin: CineView_FHD_MLA/skin.xml | active: generations/g000003 {"omitted": [], "builtin": ["weather"]}
bash: line 5: /tmp/cvtest_prestart.log: No such file or directory
  guardian: boot.count=1 written 16:54:44 | enigma2 pid 10959 started Fri Oct  9 16:54:43 2026 | cvtest log lines: 0 | crash logs: 0
    source=oaweather | city='Sayhāt' | temperature_current='38 °C' | weathericon,current=/usr/lib/enigma2/python/Plugins/Extensions/OAWeather/Icons/32.png | status age 45s | CineView data: -
    WEATHER OK
    g000003 features {"omitted": [], "builtin": ["weather"]} | weather widgets: OAWeather 0, CineView 12 | CineView weather components present, icons 10 | OAWeather installed: True
    STRICT OK (no missing renderer/converter/source)
### DONE openbh56 U
### openbh56 M every design with OAWeather (its data shown by CineView's weather components)
=== openbh56 oaweather design=factory
  rc=0
  g000004 features {"omitted": [], "builtin": ["weather"]} | weather widgets: OAWeather 0, CineView 12 | CineView weather components present, icons 10 | OAWeather installed: True
  STRICT OK (no missing renderer/converter/source)
  source=oaweather | city='Sayhāt' | temperature_current='38 °C' | weathericon,current=/usr/lib/enigma2/python/Plugins/Extensions/OAWeather/Icons/32.png | status age 39s | CineView data: -
  WEATHER OK
  RESULT PASS (apply rc=0, enigma2 pid 12053 stable, crash logs 0->0)
=== openbh56 oaweather design=classic
  rc=0
  g000005 features {"omitted": [], "builtin": ["weather"]} | weather widgets: OAWeather 0, CineView 12 | CineView weather components present, icons 10 | OAWeather installed: True
  STRICT OK (no missing renderer/converter/source)
  source=oaweather | city='Sayhāt' | temperature_current='38 °C' | weathericon,current=/usr/lib/enigma2/python/Plugins/Extensions/OAWeather/Icons/32.png | status age 39s | CineView data: -
  WEATHER OK
  RESULT PASS (apply rc=0, enigma2 pid 13282 stable, crash logs 0->0)
=== openbh56 oaweather design=classiclines
  rc=0
  g000006 features {"omitted": [], "builtin": ["weather"]} | weather widgets: OAWeather 0, CineView 12 | CineView weather components present, icons 10 | OAWeather installed: True
  STRICT OK (no missing renderer/converter/source)
  source=oaweather | city='Sayhāt' | temperature_current='38 °C' | weathericon,current=/usr/lib/enigma2/python/Plugins/Extensions/OAWeather/Icons/32.png | status age 40s | CineView data: -
  WEATHER OK
  RESULT PASS (apply rc=0, enigma2 pid 14489 stable, crash logs 0->0)
=== openbh56 oaweather design=details
  rc=0
  g000007 features {"omitted": [], "builtin": ["weather"]} | weather widgets: OAWeather 0, CineView 15 | CineView weather components present, icons 10 | OAWeather installed: True
  STRICT OK (no missing renderer/converter/source)
  source=oaweather | city='Sayhāt' | temperature_current='38 °C' | weathericon,current=/usr/lib/enigma2/python/Plugins/Extensions/OAWeather/Icons/34.png | status age 39s | CineView data: -
  WEATHER OK
  RESULT PASS (apply rc=0, enigma2 pid 15696 stable, crash logs 0->0)
=== openbh56 oaweather design=cinema
  rc=0
  g000008 features {"omitted": [], "builtin": ["weather"]} | weather widgets: OAWeather 0, CineView 2 | CineView weather components present, icons 10 | OAWeather installed: True
  STRICT OK (no missing renderer/converter/source)
  source=oaweather | city='Sayhāt' | temperature_current='38 °C' | status age 40s | CineView data: -
  WEATHER OK
  RESULT PASS (apply rc=0, enigma2 pid 16900 stable, crash logs 0->0)
=== openbh56 oaweather design=modern
  rc=0
  g000009 features {"omitted": [], "builtin": ["weather"]} | weather widgets: OAWeather 0, CineView 0 | CineView weather components present, icons 10 | OAWeather installed: True
  STRICT OK (no missing renderer/converter/source)
  design g000009: no weather widgets
  NO WEATHER WIDGETS
  RESULT PASS (apply rc=0, enigma2 pid 18118 stable, crash logs 0->0)
=== openbh56 oaweather design=minimal
  rc=0
  g000010 features {"omitted": [], "builtin": ["weather"]} | weather widgets: OAWeather 0, CineView 0 | CineView weather components present, icons 10 | OAWeather installed: True
  STRICT OK (no missing renderer/converter/source)
  design g000010: no weather widgets
  NO WEATHER WIDGETS
  RESULT PASS (apply rc=0, enigma2 pid 19311 stable, crash logs 0->0)
MATRIX openbh56 oaweather: 7 pass, 0 fail
### DONE openbh56 M
### openbh56 B1 CineView's own weather on this receiver (weather_source=builtin; OAWeather installed and untouched)
runtime.json: {'poster_cache': '/tmp/CINEVIEW-MLA/poster', 'weather_source': 'builtin'}
2026-10-09 17:06:59 apply: g000010 -> g000011 trial=False features={"weather": "builtin"} selection={"layouts": {"channelselection": "posterlist", "epg": "graphicalplus", "eventview": "detailscard", "infobar": "details", "pvr": "cover", "secondinfobar": "details"}, "theme": "purple"}
2026-10-09 17:06:59 commit: lkg=g000011
g000011
  GUI restarted: enigma2 pid 19311 -> 20540
  image: openbh 5.6 | cineview: 1.0.5~openbh1 | oaweather: 1 | cvtest: 0
  pre-start hook: none
  start-up hook: /usr/lib/python3.13/site-packages/cineview_mla_guardian.pth | skin: CineView_FHD_MLA/skin.xml | active: generations/g000011 {"omitted": [], "builtin": ["weather"]}
bash: line 5: /tmp/cvtest_prestart.log: No such file or directory
  guardian: boot.count=1 written 17:07:04 | enigma2 pid 20540 started Fri Oct  9 17:07:03 2026 | cvtest log lines: 0 | crash logs: 0
    source=cineview | city='Sayhāt' | temperature_current='35 °C' | weathericon,current=/usr/share/enigma2/CineView_FHD_MLA/mla_assets/weather/clear_day.png | status age 47s | CineView data: Sayhāt 35.3 °C clear_day
    WEATHER OK
    g000011 features {"omitted": [], "builtin": ["weather"]} | weather widgets: OAWeather 0, CineView 15 | CineView weather components present, icons 10 | OAWeather installed: True
    STRICT OK (no missing renderer/converter/source)
    {"weather": {"city": "Sayhāt", "temp": 35.3, "unit": "°C", "icon": "clear_day", "code": 0, "time": 1791554848.0316637, "key": "celsius|26.4835,50.0485", "lat": 26.48345, "lon": 50.04849, "location_from": "oaweather", "observed": "2026-10-09T17:00", "source": "Open-Meteo.com (CC BY 4.0)"}}
=== openbh56_builtin cineview design=classic
  g000012 features {"omitted": [], "builtin": ["weather"]} | weather widgets: OAWeather 0, CineView 12 | CineView weather components present, icons 10 | OAWeather installed: True
  WEATHER OK
  RESULT PASS (apply rc=0, enigma2 pid 21699 stable, crash logs 0->0)
=== openbh56_builtin cineview design=cinema
  g000013 features {"omitted": [], "builtin": ["weather"]} | weather widgets: OAWeather 0, CineView 2 | CineView weather components present, icons 10 | OAWeather installed: True
  WEATHER OK
  RESULT PASS (apply rc=0, enigma2 pid 22907 stable, crash logs 0->0)
MATRIX openbh56_builtin cineview: 2 pass, 0 fail
### openbh56 B2 back to auto (OAWeather's data)
runtime.json: {'poster_cache': '/tmp/CINEVIEW-MLA/poster'}
  GUI restarted: enigma2 pid 22907 -> 24142
    source=oaweather | city='Sayhāt' | temperature_current='38 °C' | status age 43s | CineView data: Sayhāt 35.3 °C clear_day
    WEATHER OK
    g000013 features {"omitted": [], "builtin": ["weather"]} | weather widgets: OAWeather 0, CineView 2 | CineView weather components present, icons 10 | OAWeather installed: True
    STRICT OK (no missing renderer/converter/source)
### DONE openbh56 B
finished
