### openbh56 Z the test add-on removed; original design, skin and runtime settings restored
No packages installed or removed.
2026-10-09 17:21:51 apply: g000014 -> g000015 trial=False features={"weather": "builtin"} selection={"layouts": {"channelselection": "classic", "epg": "classic", "eventview": "classic", "infobar": "classic", "pvr": "classic", "secondinfobar": "classic"}, "theme": "navy"}
2026-10-09 17:21:51 commit: lkg=g000015
g000015
rc=0
  image: openbh 5.6 | cineview: 1.0.5~openbh1 | oaweather: 1 | cvtest: 0
  pre-start hook: none
  start-up hook: /usr/lib/python3.13/site-packages/cineview_mla_guardian.pth | skin: CineView_FHD_MLA/skin.xml | active: generations/g000015 {"omitted": [], "builtin": ["weather"]}
bash: line 5: /tmp/cvtest_prestart.log: No such file or directory
  guardian: boot.count=1 written 17:21:59 | enigma2 pid 31373 started Fri Oct  9 17:21:58 2026 | cvtest log lines: 0 | crash logs: 0
    {"layouts": {"channelselection": "classic", "epg": "classic", "eventview": "classic", "infobar": "classic", "pvr": "classic", "secondinfobar": "classic"}, "theme": "navy"}
    {"poster_cache": "/tmp/CINEVIEW-MLA/poster"}
    g000015 features {"omitted": [], "builtin": ["weather"]} | weather widgets: OAWeather 0, CineView 12 | CineView weather components present, icons 10 | OAWeather installed: True
    STRICT OK (no missing renderer/converter/source)
  runtime.json before the test: {
 "poster_cache": "/tmp/CINEVIEW-MLA/poster"
}
  OAWeather / Weatherinfo / other skins: IDENTICAL before and after (3489 files, same packages and versions)
### DONE openbh56 Z
