== 2026-10-09 15:56:25 OAWeather health check of the published installer, on the receiver (slot 8)
  image: openatv 8.0.1 | cineview: 1.0.5 | oaweather: 1 | cvtest: 0
  published installer: INSTALLER_VERSION="1.3.5" f5827bdd08c09e6d | Python 3.14.7
  installed OAWeather: 2.4-git157+eec00e60+eec00e6b9d-r0 (install ok installed) - before: 120 files, sha 4c1a560f8d7ae5dd
  modules: Components/Converter/OAWeather.pyc Components/Renderer/OAWeatherPixmap.pyc Components/Sources/OAWeather.pyc Plugins/Extensions/OAWeather/__init__.pyc Plugins/Extensions/OAWeather/plugin.pyc Tools/Weatherinfo.pyc 
od: invalid option -- 'A'
BusyBox v1.38.0 () multi-call binary.

Usage: od [-abcdeFfhiloxsv] [FILE]

Print FILE (or stdin) unambiguously, as octal bytes by default
  otherpy: first byte of the copied OAWeatherPixmap.pyc changed (magic )
  this receiver as it is:          ok
  copy of the six modules:         ok
  copy, converter file missing:    broken:files are missing (OAWeather)
  copy, other Python byte code:    broken:OAWeatherPixmap.pyc is built for another Python version
  copy, unreadable source file:    broken:Weatherinfo.py cannot be read by this Python (SyntaxError)
  not installed (stub opkg):       missing
  half-installed (stub opkg):      broken:its package is not completely installed (install reinstreq half-installed)
  feed offers OAWeather (opkg list, read only): 1
  installed OAWeather after:  120 files, sha 4c1a560f8d7ae5dd - unchanged
  /tmp/cvoaw removed
