== 2026-10-09 15:53:02 published Smart Installer, run on the receiver (slot 8)
  image: openatv 8.0.1 | cineview: 1.0.5 | oaweather: 1 | cvtest: 0
  pre-start hook: none
  start-up hook: /usr/lib/python3.14/site-packages/cineview_mla_guardian.pth | skin: CineView_FHD_MLA/skin.xml | active: generations/g000015 {"omitted": [], "builtin": ["weather"]}
  guardian: boot.count=0 written 18:42:50 | enigma2 pid 31842 started Fri Oct  9 18:41:24 2026 | cvtest log lines: 0 | crash logs: 0
  recording: none
== download from the published link
INSTALLER_VERSION="1.3.5"
f5827bdd08c09e6d875ea191ff01b27a6b7bd2431318b519fa075f9228266a46  /tmp/cineview-install.sh
== DRYRUN=1

  CineView MLA Smart Installer    version 1.3.5
  Design & Development by habeb-s (c) 2026

Device
  [OK] Vu+ Duo4K SE (vuduo4kse, confirmed by the receiver driver)

Image
  [OK] OpenATV 8.0.1 detected (image information and the image's own files agree)

Version
  [OK] OpenATV 8.0.1 is supported (this version line is device-tested)

Python
  [OK] Python 3.14 - approved package for OpenATV 8.0
  [OK] Package source: CineView MLA distribution point

Architecture
  [OK] Architecture: cortexa15hf-neon-vfpv4 (CineView MLA is architecture-independent)

Compatibility
  [OK] Enigma2 components used by the design present (Addons, MovieInfo FullDescription)
  [OK] Required components present (python3-pillow, python3-requests)
  [OK] Weather: OAWeather installed and built for this image's Python - its weather data is used as it is
  [OK] Package matches this receiver (OpenATV 8.0.1, Python 3.14, cortexa15hf-neon-vfpv4)

Storage
  [OK] Free space: 53242 MB
  [OK] Poster cache: /media/hdd/poster (hard disk)

Existing installation
  [..] Current version: 1.0.5
  [..] New version:     1.0.5

All checks passed. Check-only run: nothing was downloaded or installed.

rc=0
== download from the published link
INSTALLER_VERSION="1.3.5"
f5827bdd08c09e6d875ea191ff01b27a6b7bd2431318b519fa075f9228266a46  /tmp/cineview-install.sh
== FORCE=1 CVMLA_FETCH_ONLY=1

  CineView MLA Smart Installer    version 1.3.5
  Design & Development by habeb-s (c) 2026

Device
  [OK] Vu+ Duo4K SE (vuduo4kse, confirmed by the receiver driver)

Image
  [OK] OpenATV 8.0.1 detected (image information and the image's own files agree)

Version
  [OK] OpenATV 8.0.1 is supported (this version line is device-tested)

Python
  [OK] Python 3.14 - approved package for OpenATV 8.0
  [OK] Package source: CineView MLA distribution point

Architecture
  [OK] Architecture: cortexa15hf-neon-vfpv4 (CineView MLA is architecture-independent)

Compatibility
  [OK] Enigma2 components used by the design present (Addons, MovieInfo FullDescription)
  [OK] Required components present (python3-pillow, python3-requests)
  [OK] Weather: OAWeather installed and built for this image's Python - its weather data is used as it is
  [OK] Package matches this receiver (OpenATV 8.0.1, Python 3.14, cortexa15hf-neon-vfpv4)

Storage
  [OK] Free space: 53242 MB
  [OK] Poster cache: /media/hdd/poster (hard disk)

Existing installation
  [..] Current version: 1.0.5
  [..] New version:     1.0.5
  [!!] Reinstall requested

Package
  [OK] Package verified (SHA256)

fetch-only test: package downloaded and verified; nothing was installed.
rc=0 (3 s)
== after
  temp dirs left: 0
  installer left in /tmp: 0
  package status: install ok installed
  image: openatv 8.0.1 | cineview: 1.0.5 | oaweather: 1 | cvtest: 0
  pre-start hook: none
  start-up hook: /usr/lib/python3.14/site-packages/cineview_mla_guardian.pth | skin: CineView_FHD_MLA/skin.xml | active: generations/g000015 {"omitted": [], "builtin": ["weather"]}
  guardian: boot.count=0 written 18:42:50 | enigma2 pid 31842 started Fri Oct  9 18:41:24 2026 | cvtest log lines: 0 | crash logs: 0
