leftovers before (a run killed with SIGKILL): 
server ok
golden before: Version: 1.0.0
PASS  ok             2s retries=0 -> fetch-only test: package downloaded and verified
PASS  slow          12s retries=0 -> fetch-only test: package downloaded and verified
PASS  drop           3s retries=0 -> fetch-only test: package downloaded and verified
PASS  stall         13s retries=0 -> fetch-only test: package downloaded and verified
PASS  dropnorange    2s retries=0 -> fetch-only test: package downloaded and verified
PASS  corruptonce    5s retries=1 -> fetch-only test: package downloaded and verified
PASS  flaky          5s retries=0 -> fetch-only test: package downloaded and verified
PASS  corrupt       12s retries=2 -> failed the SHA256 check
PASS  404            1s retries=0 -> not found at the distribution point
PASS  dead          19s retries=2 -> could not be downloaded
after kill -9: /tmp/.cvmla.lock /tmp/.cvmla.t4S9UI 
PASS  ok-afterkill   2s retries=0 -> fetch-only test: package downloaded and verified
  [OK] Vu+ Duo4K SE (vuduo4kse, confirmed by the receiver driver)
  [OK] OpenATV 8.0.1 detected (image information and the image's own files agree)
  [OK] OpenATV 8.0.1 is supported (tested on OpenATV 8.0)
  [!!] Package source: none - CineView MLA is not published yet (copy the package to the receiver and use PKG_DIR=<folder>)
  [OK] Python 3.14 compatible
  [OK] Architecture: cortexa15hf-neon-vfpv4 (CineView MLA is architecture-independent)
  [OK] Required components present (python3-pillow, python3-requests)
  [OK] Package matches this receiver
  [OK] Free space: 53243 MB
  [OK] Poster cache: /media/hdd/poster (hard disk)
  [..] Current version: 1.0.0
  [..] New version:     1.0.1
  [OK] Upgrade: your design, theme, profiles, settings and poster cache are kept
All checks passed. Check-only run: nothing was downloaded or installed.
golden after: Version: 1.0.0
SLOT8 NET TOTAL 11  PASS 11  FAIL 0
