 "isRecording": "false",

  CineView MLA Smart Installer    version 1.3.4
  Design & Development by habeb-s (c) 2026

Device
  [OK] Vu+ Duo4K SE (vuduo4kse, confirmed by the receiver driver)

Image
  [OK] OpenATV 8.0.1 detected (image information and the image's own files agree)

Version
  [OK] OpenATV 8.0.1 is supported (this version line is device-tested)

Python
  [OK] Python 3.14 - approved package for OpenATV 8.0
  [OK] Package source: /tmp/pkg104/enigma2-plugin-skins-cineview-fhd-mla_1.0.4_all.ipk (local file)

Architecture
  [OK] Architecture: cortexa15hf-neon-vfpv4 (CineView MLA is architecture-independent)

Compatibility
  [OK] Enigma2 components used by the design present (Addons, MovieInfo FullDescription)
  [OK] Required components present (python3-pillow, python3-requests)
  [..] Weather: OAWeather will be installed from the image feed (optional)
  [OK] Package matches this receiver (OpenATV 8.0.1, Python 3.14, cortexa15hf-neon-vfpv4)

Storage
  [OK] Free space: 53238 MB
  [OK] Poster cache: /media/hdd/poster (hard disk)

Existing installation
  [..] Current version: 1.0.4~openatv.py314
  [..] New version:     1.0.4
  [OK] Upgrade: your design, theme, profiles, settings and poster cache are kept

Weather
  [OK] OAWeather installed from the image feed

Package
  [OK] Package verified (SHA256)

Installing
  [OK] Restore point saved
  [OK] CineView MLA 1.0.4 installed

Verification
  [OK] Package version 1.0.4
  [OK] Skin files present
  [OK] Plugin loadable
  [OK] Plugin icon present
  [OK] CineView Designs available in the Plugin Browser

Result
  CineView MLA 1.0.4 installed successfully.

  +-----------------------------------------------------+
  |  Restart the GUI to load CineView MLA 1.0.4.        |
  +-----------------------------------------------------+
  [..] Restarting the GUI ...

