### A1 debris: the refused install left a half-installed entry of the other add-on (opkg behaviour on a file clash)
Version: 1.0
Status: install ok half-installed
Removing enigma2-plugin-extensions-cvtest-prestart (1.0) from root...

### A3 the other add-on is installed next to CineView 1.0.5
Installing enigma2-plugin-extensions-cvtest-prestart (1.0) on root
Configuring enigma2-plugin-extensions-cvtest-prestart.
  image: openatv 8.0.1 | cineview: 1.0.5 | oaweather: 1 | cvtest: 1
  pre-start hook: b42d19e77ba7 owner=enigma2-plugin-extensions-cvtest-prestart (# cvtest-prestart (QA stand-in for a third-party add-on): re)
  start-up hook: /usr/lib/python3.14/site-packages/cineview_mla_guardian.pth | skin: CineView_FHD_MLA/skin.xml | active: generations/g000060 {"omitted": []}
bash: line 5: /tmp/cvtest_prestart.log: No such file or directory
  guardian: boot.count=1 written 14:54:36 | enigma2 pid 810 started Fri Oct  9 14:54:33 2026 | cvtest log lines: 0 | crash logs: 0
  restart:
  GUI restarted: enigma2 pid 810 -> 2080
  image: openatv 8.0.1 | cineview: 1.0.5 | oaweather: 1 | cvtest: 1
  pre-start hook: b42d19e77ba7 owner=enigma2-plugin-extensions-cvtest-prestart (# cvtest-prestart (QA stand-in for a third-party add-on): re)
  start-up hook: /usr/lib/python3.14/site-packages/cineview_mla_guardian.pth | skin: CineView_FHD_MLA/skin.xml | active: generations/g000060 {"omitted": []}
  guardian: boot.count=1 written 14:55:54 | enigma2 pid 2080 started Fri Oct  9 14:55:52 2026 | cvtest log lines: 1 | crash logs: 0
2026-10-09 14:55:52 cvtest-prestart hook ran (pid 2044)

### A4 Smart Installer 1.3.4 (public link before the fix) with the other add-on present - reproduction
  [XX] /usr/bin/enigma2_pre_start.sh belongs to another add-on; CineView MLA does not replace it.
CineView MLA was not installed. Nothing was changed on this receiver.
### A4b Smart Installer 1.3.5, reinstall with the other add-on present
  [OK] Pre-start hook of enigma2-plugin-extensions-cvtest-prestart found - kept as it is (CineView MLA does not use that file)
  [OK] CineView MLA 1.0.5 installed
  [OK] Package version 1.0.5
  CineView MLA 1.0.5 installed successfully.
  image: openatv 8.0.1 | cineview: 1.0.5 | oaweather: 1 | cvtest: 1
  pre-start hook: b42d19e77ba7 owner=enigma2-plugin-extensions-cvtest-prestart (# cvtest-prestart (QA stand-in for a third-party add-on): re)
  start-up hook: /usr/lib/python3.14/site-packages/cineview_mla_guardian.pth | skin: CineView_FHD_MLA/skin.xml | active: generations/g000061 {"omitted": []}
  guardian: boot.count=0 written 14:56:32 | enigma2 pid 2080 started Fri Oct  9 14:55:52 2026 | cvtest log lines: 1 | crash logs: 0
  restart:
  GUI restarted: enigma2 pid 2080 -> 3157
  image: openatv 8.0.1 | cineview: 1.0.5 | oaweather: 1 | cvtest: 1
  pre-start hook: b42d19e77ba7 owner=enigma2-plugin-extensions-cvtest-prestart (# cvtest-prestart (QA stand-in for a third-party add-on): re)
  start-up hook: /usr/lib/python3.14/site-packages/cineview_mla_guardian.pth | skin: CineView_FHD_MLA/skin.xml | active: generations/g000061 {"omitted": []}
  guardian: boot.count=1 written 14:56:38 | enigma2 pid 3157 started Fri Oct  9 14:56:36 2026 | cvtest log lines: 2 | crash logs: 0

### A5 ROLLBACK=1 (to 1.0.4, which needs the hook) with the other add-on present -> clean stop
  [..] Rollback requested: CineView MLA 1.0.4 (previous release for OpenATV)
  [XX] The previous release (1.0.4) uses /usr/bin/enigma2_pre_start.sh, which belongs to enigma2-plugin-extensions-cvtest-prestart on this receiver - it cannot be installed here. Nothing was changed.
CineView MLA was not installed. Nothing was changed on this receiver.
  image: openatv 8.0.1 | cineview: 1.0.5 | oaweather: 1 | cvtest: 1
  pre-start hook: b42d19e77ba7 owner=enigma2-plugin-extensions-cvtest-prestart (# cvtest-prestart (QA stand-in for a third-party add-on): re)
  start-up hook: /usr/lib/python3.14/site-packages/cineview_mla_guardian.pth | skin: CineView_FHD_MLA/skin.xml | active: generations/g000061 {"omitted": []}
  guardian: boot.count=1 written 14:56:38 | enigma2 pid 3157 started Fri Oct  9 14:56:36 2026 | cvtest log lines: 2 | crash logs: 0
### DONE A (part 1b)
