### A6 remove CineView MLA while the other add-on stays (skin switched to MetrixHD/skin.xml first, Enigma2 stopped)
config.skin.primary_skin=MetrixHD/skin.xml
CineView MLA removed (/etc/enigma2/cineview_mla kept unless purged).
Removing enigma2-plugin-skins-cineview-fhd-mla (1.0.5) from root...
ls: /usr/share/enigma2/CineView_FHD_MLA: No such file or directory
  image: openatv 8.0.1 | cineview:  | oaweather: 1 | cvtest: 1
  pre-start hook: b42d19e77ba7 owner=enigma2-plugin-extensions-cvtest-prestart (# cvtest-prestart (QA stand-in for a third-party add-on): re)
  start-up hook: none | skin: MetrixHD/skin.xml | active:  
  guardian: boot.count=1 written 14:56:38 | enigma2 pid 4108 started Fri Oct  9 14:57:21 2026 | cvtest log lines: 3 | crash logs: 0

### A7 fresh install of CineView MLA 1.0.5 with the other add-on present (Smart Installer 1.3.5)
  [OK] Pre-start hook of enigma2-plugin-extensions-cvtest-prestart found - kept as it is (CineView MLA does not use that file)
  [..] No earlier CineView MLA installation
  [OK] CineView MLA 1.0.5 installed
  [OK] Package version 1.0.5
  CineView MLA 1.0.5 installed successfully.
config.skin.primary_skin=CineView_FHD_MLA/skin.xml
  image: openatv 8.0.1 | cineview: 1.0.5 | oaweather: 1 | cvtest: 1
  pre-start hook: b42d19e77ba7 owner=enigma2-plugin-extensions-cvtest-prestart (# cvtest-prestart (QA stand-in for a third-party add-on): re)
  start-up hook: /usr/lib/python3.14/site-packages/cineview_mla_guardian.pth | skin: CineView_FHD_MLA/skin.xml | active: generations/g000000 
  guardian: boot.count=1 written 14:58:07 | enigma2 pid 5000 started Fri Oct  9 14:58:06 2026 | cvtest log lines: 4 | crash logs: 0
  restart:
  GUI restarted: enigma2 pid 5000 -> 5672
  image: openatv 8.0.1 | cineview: 1.0.5 | oaweather: 1 | cvtest: 1
  pre-start hook: b42d19e77ba7 owner=enigma2-plugin-extensions-cvtest-prestart (# cvtest-prestart (QA stand-in for a third-party add-on): re)
  start-up hook: /usr/lib/python3.14/site-packages/cineview_mla_guardian.pth | skin: CineView_FHD_MLA/skin.xml | active: generations/g000000 
  guardian: boot.count=1 written 14:58:47 | enigma2 pid 5672 started Fri Oct  9 14:58:45 2026 | cvtest log lines: 5 | crash logs: 0
2026-10-09 14:56:36 cvtest-prestart hook ran (pid 3134)
2026-10-09 14:57:20 cvtest-prestart hook ran (pid 4076)
2026-10-09 14:58:05 cvtest-prestart hook ran (pid 4967)
2026-10-09 14:58:45 cvtest-prestart hook ran (pid 5638)

### A8 the other add-on removed: CineView keeps its guardian
Removing enigma2-plugin-extensions-cvtest-prestart (1.0) from root...
  image: openatv 8.0.1 | cineview: 1.0.5 | oaweather: 1 | cvtest: 0
  pre-start hook: none
  start-up hook: /usr/lib/python3.14/site-packages/cineview_mla_guardian.pth | skin: CineView_FHD_MLA/skin.xml | active: generations/g000000 
  guardian: boot.count=1 written 14:58:47 | enigma2 pid 5672 started Fri Oct  9 14:58:45 2026 | cvtest log lines: 5 | crash logs: 0
  restart:
  GUI restarted: enigma2 pid 5672 -> 6511
  image: openatv 8.0.1 | cineview: 1.0.5 | oaweather: 1 | cvtest: 0
  pre-start hook: none
  start-up hook: /usr/lib/python3.14/site-packages/cineview_mla_guardian.pth | skin: CineView_FHD_MLA/skin.xml | active: generations/g000000 
  guardian: boot.count=1 written 14:59:32 | enigma2 pid 6511 started Fri Oct  9 14:59:30 2026 | cvtest log lines: 5 | crash logs: 0

### A9 existing users' path: ROLLBACK=1 -> 1.0.4 (owns the hook again), then the update to 1.0.5
  [..] Rollback requested: CineView MLA 1.0.4 (previous release for OpenATV)
  [OK] Package version 1.0.4
  CineView MLA 1.0.4 installed successfully.
  image: openatv 8.0.1 | cineview: 1.0.4 | oaweather: 1 | cvtest: 0
  pre-start hook: 14456a41a22b owner=enigma2-plugin-skins-cineview-fhd-mla (# Installed as /usr/bin/enigma2_pre_start.sh (native OpenATV)
  start-up hook: none | skin: CineView_FHD_MLA/skin.xml | active: generations/g000000 
  guardian: boot.count=1 written 14:59:32 | enigma2 pid 6511 started Fri Oct  9 14:59:30 2026 | cvtest log lines: 5 | crash logs: 0
  restart:
  GUI restarted: enigma2 pid 6511 -> 7459
  image: openatv 8.0.1 | cineview: 1.0.4 | oaweather: 1 | cvtest: 0
  pre-start hook: 14456a41a22b owner=enigma2-plugin-skins-cineview-fhd-mla (# Installed as /usr/bin/enigma2_pre_start.sh (native OpenATV)
  start-up hook: none | skin: CineView_FHD_MLA/skin.xml | active: generations/g000000 
  guardian: boot.count=1 written 15:00:16 | enigma2 pid 7459 started Fri Oct  9 15:00:17 2026 | cvtest log lines: 5 | crash logs: 0
  [OK] Upgrade: your design, theme, profiles, settings and poster cache are kept
  [OK] Package version 1.0.5
  CineView MLA 1.0.5 installed successfully.
  image: openatv 8.0.1 | cineview: 1.0.5 | oaweather: 1 | cvtest: 0
  pre-start hook: none
  start-up hook: /usr/lib/python3.14/site-packages/cineview_mla_guardian.pth | skin: CineView_FHD_MLA/skin.xml | active: generations/g000000 
  guardian: boot.count=1 written 15:00:16 | enigma2 pid 7459 started Fri Oct  9 15:00:17 2026 | cvtest log lines: 5 | crash logs: 0
  restart:
  GUI restarted: enigma2 pid 7459 -> 8377
  image: openatv 8.0.1 | cineview: 1.0.5 | oaweather: 1 | cvtest: 0
  pre-start hook: none
  start-up hook: /usr/lib/python3.14/site-packages/cineview_mla_guardian.pth | skin: CineView_FHD_MLA/skin.xml | active: generations/g000000 
  guardian: boot.count=1 written 15:01:03 | enigma2 pid 8377 started Fri Oct  9 15:01:01 2026 | cvtest log lines: 5 | crash logs: 0
2026-10-09 14:54:28 apply: g000059 -> g000060 trial=False omitted=[] selection={"layouts": {"channelselection": "posterlist", "epg": "modern", "eventview": "modern", "infobar": "modern", "pvr": "modern", "secondinfobar": "modern"}, "theme": "black"}
2026-10-09 14:54:28 commit: lkg=g000060
2026-10-09 14:56:32 apply: g000060 -> g000061 trial=False omitted=[] selection={"layouts": {"channelselection": "posterlist", "epg": "modern", "eventview": "modern", "infobar": "modern", "pvr": "modern", "secondinfobar": "modern"}, "theme": "black"}
2026-10-09 14:56:32 commit: lkg=g000061
2026-10-09 14:57:57 rollback: active -> g000000
{"layouts": {"channelselection": "classic", "epg": "classic", "eventview": "classic", "infobar": "classic", "pvr": "classic", "secondinfobar": "classic"}, "theme": "navy"}### DONE A (part 2)
