DL-OK   enigma2-plugin-skins-cineview-fhd-mla_1.0.1~openatv.py312_all.ipk
DL-OK   enigma2-plugin-skins-cineview-fhd-mla_1.0.1~openatv.py313_all.ipk
DL-OK   enigma2-plugin-skins-cineview-fhd-mla_1.0.1~openatv.py314_all.ipk
DL-OK   enigma2-plugin-skins-cineview-fhd-mla_1.0.1~openbh.py313_all.ipk
DL-OK   enigma2-plugin-skins-cineview-fhd-mla_1.0.1~openbh.py314_all.ipk
DL-OK   enigma2-plugin-skins-cineview-fhd-mla_1.0.1~openvix.py312_all.ipk
DL-OK   enigma2-plugin-skins-cineview-fhd-mla_1.0.1~openvix.py313_all.ipk
DL-OK   enigma2-plugin-skins-cineview-fhd-mla_1.0.1~openvix.py314_all.ipk
--- receiver: check-only run of installer 1.3.0 (nothing is downloaded or installed)

  CineView MLA Smart Installer    version 1.3.0
  Design & Development by habeb-s (c) 2026

Device
  [OK] Vu+ Duo4K SE (vuduo4kse, confirmed by the receiver driver)

Image
  [OK] OpenATV 8.0.1 detected (image information and the image's own files agree)

Version
  [OK] OpenATV 8.0.1 is supported (this version line is device-tested)

Python
  [OK] Python 3.14 - approved package for OpenATV 8.0
  [OK] Package source: CineView MLA distribution point

Architecture
  [OK] Architecture: cortexa15hf-neon-vfpv4 (CineView MLA is architecture-independent)

Compatibility
  [OK] Enigma2 components used by the design present (Addons, MovieInfo FullDescription)
  [OK] Required components present (python3-pillow, python3-requests)
  [OK] Package matches this receiver (OpenATV 8.0.1, Python 3.14, cortexa15hf-neon-vfpv4)

Storage
  [OK] Free space: 53234 MB
  [OK] Poster cache: /media/hdd/poster (hard disk)

Existing installation
  [..] Current version: 1.0.0
  [..] New version:     1.0.1
  [OK] Upgrade: your design, theme, profiles, settings and poster cache are kept

All checks passed. Check-only run: nothing was downloaded or installed.

RC=0
Version: 1.0.0
ls: /tmp/cineview-install.sh: No such file or directory
