== deploy devtool, test folder; restart GUI
last_videodir before: '(default)'
00_startup       tb=2 skinerr=2 missing=17 notimpl=6 screens: <embedded-in-HideVBILine> BufferIndicator ChannelSelection Dish InfoBar InfoBarSummary Mute RdsInfoDisplay ScreenSummary Screensaver SecondInfoBar SlimChannelSelection SubtitleDisplay TimeshiftState UnhandledKey Volume 
01_infobar       tb=0 skinerr=0 missing=0 notimpl=0 screens: 
02_secondinfobar tb=0 skinerr=0 missing=0 notimpl=0 screens: 
03_chanselect    tb=0 skinerr=0 missing=0 notimpl=0 screens: ChannelSelectionSummary 
04_epg_grid      tb=0 skinerr=0 missing=8 notimpl=2 screens: GraphicalEPGPIG GraphicalEPGPIGSummary 
05_epg_single    tb=0 skinerr=0 missing=2 notimpl=5 screens: EPGSelection EPGSelectionSummary 
06_epg_multi     tb=0 skinerr=0 missing=5 notimpl=0 screens: EPGSelectionMulti EPGSelectionMultiSummary 
07_epg_infobar   tb=0 skinerr=0 missing=8 notimpl=2 screens: GraphicalInfoBarEPG GraphicalInfoBarEPGSummary 
08_eventview     tb=0 skinerr=0 missing=0 notimpl=0 screens: 
09_evsimple      tb=0 skinerr=0 missing=0 notimpl=0 screens: 
10_pvr           tb=0 skinerr=0 missing=0 notimpl=0 screens: MovieSelection MovieSelectionSummary 
11_pluginbrowser tb=5 skinerr=6 missing=4 notimpl=0 screens: PluginBrowser PluginBrowserSummary 
12_designs       tb=0 skinerr=0 missing=0 notimpl=0 screens: 
13_setup_ui      tb=0 skinerr=0 missing=0 notimpl=0 screens: 
14_setup_usage   tb=0 skinerr=0 missing=0 notimpl=0 screens: 
15_msg_info      tb=0 skinerr=0 missing=0 notimpl=0 screens: 
16_msg_yesno     tb=0 skinerr=0 missing=0 notimpl=0 screens: 
17_msg_long      tb=0 skinerr=0 missing=0 notimpl=0 screens: 
== poster cache (pinned /tmp): 2 files
== restore: devtool removed, PVR folder setting back
   devtool present: 0; last_videodir: 
   crash logs (new today): 0
T105B_DONE
