selection before: --theme navy --set channelselection=classic --set epg=classic --set eventview=classic --set infobar=classic --set pvr=classic --set secondinfobar=classic
progress bar before: '(default)'
g000182
pin: /tmp/CINEVIEW-MLA/poster
playing: CineStar TV Action and Thriller HD | now: 'Lopovi' | next: '48 sati straha'
chansel        tb=0 skinerr=0 missing=0 notimpl=0 screens: 
poster cache /tmp: 145 files; crash logs today: 0
T106_DONE
pin: /tmp/CINEVIEW-MLA/poster
playing: Cinemax HD | now: 'Kratka povijest jedne obitelji' | next: 'Ribe'
chansel        tb=0 skinerr=0 missing=0 notimpl=0 screens: 
poster cache /tmp: 145 files; crash logs today: 0
T106_DONE
g000183
pin: /tmp/CINEVIEW-MLA/poster
playing: CineStar TV Action and Thriller HD | now: 'Lopovi' | next: '48 sati straha'
chansel        tb=0 skinerr=0 missing=0 notimpl=0 screens: 
poster cache /tmp: 145 files; crash logs today: 0
T106_DONE
pin: /tmp/CINEVIEW-MLA/poster
playing: Cinemax HD | now: 'Kratka povijest jedne obitelji' | next: 'Ribe'
chansel        tb=0 skinerr=0 missing=0 notimpl=0 screens: 
poster cache /tmp: 145 files; crash logs today: 0
T106_DONE
g000184
pin: /tmp/CINEVIEW-MLA/poster
playing: CineStar TV Action and Thriller HD | now: 'Lopovi' | next: '48 sati straha'
chansel        tb=0 skinerr=0 missing=0 notimpl=0 screens: 
poster cache /tmp: 145 files; crash logs today: 0
T106_DONE
pin: /tmp/CINEVIEW-MLA/poster
playing: Cinemax HD | now: 'Kratka povijest jedne obitelji' | next: 'Ribe'
chansel        tb=0 skinerr=0 missing=0 notimpl=0 screens: 
poster cache /tmp: 145 files; crash logs today: 0
T106_DONE
g000185
pin: /tmp/CINEVIEW-MLA/poster
playing: CineStar TV Action and Thriller HD | now: 'Lopovi' | next: '48 sati straha'
chansel        tb=0 skinerr=0 missing=0 notimpl=0 screens: 
poster cache /tmp: 145 files; crash logs today: 0
T106_DONE
pin: /tmp/CINEVIEW-MLA/poster
playing: Cinemax HD | now: 'Kratka povijest jedne obitelji' | next: 'Ribe'
chansel        tb=0 skinerr=0 missing=0 notimpl=0 screens: 
poster cache /tmp: 145 files; crash logs today: 0
T106_DONE
g000186
pin: /tmp/CINEVIEW-MLA/poster
playing: CineStar TV Action and Thriller HD | now: 'Lopovi' | next: '48 sati straha'
chansel        tb=0 skinerr=0 missing=0 notimpl=0 screens: 
poster cache /tmp: 145 files; crash logs today: 0
T106_DONE
pin: /tmp/CINEVIEW-MLA/poster
playing: Cinemax HD | now: 'Kratka povijest jedne obitelji' | next: 'Ribe'
chansel        tb=0 skinerr=0 missing=0 notimpl=0 screens: 
poster cache /tmp: 145 files; crash logs today: 0
T106_DONE
g000187
pin: /tmp/CINEVIEW-MLA/poster
playing: CineStar TV Action and Thriller HD | now: 'Lopovi' | next: '48 sati straha'
chansel        tb=0 skinerr=0 missing=0 notimpl=0 screens: 
poster cache /tmp: 145 files; crash logs today: 0
T106_DONE
pin: /tmp/CINEVIEW-MLA/poster
playing: Cinemax HD | now: 'Ribe' | next: 'Za to vrijeme na Zemlji'
chansel        tb=0 skinerr=0 missing=0 notimpl=0 screens: 
poster cache /tmp: 145 files; crash logs today: 0
T106_DONE
g000188
pin: /tmp/CINEVIEW-MLA/poster
playing: CineStar TV Action and Thriller HD | now: 'Lopovi' | next: '48 sati straha'
chansel        tb=0 skinerr=0 missing=0 notimpl=0 screens: 
poster cache /tmp: 145 files; crash logs today: 0
T106_DONE
pin: /tmp/CINEVIEW-MLA/poster
playing: Cinemax HD | now: 'Ribe' | next: 'Za to vrijeme na Zemlji'
chansel        tb=0 skinerr=0 missing=0 notimpl=0 screens: 
poster cache /tmp: 148 files; crash logs today: 0
T106_DONE
g000189
pin: /tmp/CINEVIEW-MLA/poster
playing: CineStar TV Action and Thriller HD | now: 'Lopovi' | next: '48 sati straha'
chansel        tb=0 skinerr=0 missing=0 notimpl=0 screens: 
poster cache /tmp: 148 files; crash logs today: 0
T106_DONE
pin: /tmp/CINEVIEW-MLA/poster
playing: Cinemax HD | now: 'Ribe' | next: 'Za to vrijeme na Zemlji'
chansel        tb=0 skinerr=0 missing=0 notimpl=0 screens: 
poster cache /tmp: 148 files; crash logs today: 0
T106_DONE
g000190
pin: /tmp/CINEVIEW-MLA/poster
playing: CineStar TV Action and Thriller HD | now: 'Lopovi' | next: '48 sati straha'
chansel        tb=0 skinerr=0 missing=0 notimpl=0 screens: 
poster cache /tmp: 148 files; crash logs today: 0
T106_DONE
pin: /tmp/CINEVIEW-MLA/poster
playing: Cinemax HD | now: 'Ribe' | next: 'Za to vrijeme na Zemlji'
chansel        tb=0 skinerr=0 missing=0 notimpl=0 screens: 
poster cache /tmp: 148 files; crash logs today: 0
T106_DONE
g000191
pin: /tmp/CINEVIEW-MLA/poster
playing: CineStar TV Action and Thriller HD | now: '48 sati straha' | next: 'Grof Monte Cristo'
chansel        tb=0 skinerr=0 missing=0 notimpl=0 screens: 
poster cache /tmp: 148 files; crash logs today: 0
T106_DONE
pin: /tmp/CINEVIEW-MLA/poster
playing: Cinemax HD | now: 'Ribe' | next: 'Za to vrijeme na Zemlji'
chansel        tb=0 skinerr=0 missing=0 notimpl=0 screens: 
poster cache /tmp: 148 files; crash logs today: 0
T106_DONE
g000192
pin: /tmp/CINEVIEW-MLA/poster
playing: CineStar TV Action and Thriller HD | now: '48 sati straha' | next: 'Grof Monte Cristo'
chansel        tb=0 skinerr=0 missing=0 notimpl=0 screens: 
poster cache /tmp: 149 files; crash logs today: 0
T106_DONE
pin: /tmp/CINEVIEW-MLA/poster
playing: Cinemax HD | now: 'Ribe' | next: 'Za to vrijeme na Zemlji'
chansel        tb=0 skinerr=0 missing=0 notimpl=0 screens: 
poster cache /tmp: 149 files; crash logs today: 0
T106_DONE
g000193
pin: /tmp/CINEVIEW-MLA/poster
playing: CineStar TV Action and Thriller HD | now: '48 sati straha' | next: 'Grof Monte Cristo'
chansel        tb=0 skinerr=0 missing=0 notimpl=0 screens: 
poster cache /tmp: 149 files; crash logs today: 0
T106_DONE
pin: /tmp/CINEVIEW-MLA/poster
playing: Cinemax HD | now: 'Za to vrijeme na Zemlji' | next: 'Prije zaborava'
chansel        tb=0 skinerr=0 missing=0 notimpl=0 screens: 
poster cache /tmp: 149 files; crash logs today: 0
T106_DONE
progress bar restored: ''
== restore: --theme navy --set channelselection=classic --set epg=classic --set eventview=classic --set infobar=classic --set pvr=classic --set secondinfobar=classic
g000194
T106X_DONE
