=== deploy build22 21:15:37
2026-10-03 23:50:07 rollback: active -> g000000
2026-10-03 23:53:46 apply: g000000 -> g000056 trial=False selection={"layouts": {"channelselection": "classic", "epg": "classic", "eventview": "classic", "infobar": "details", "pvr": "classic", "secondinfobar": "cinema"}, "theme": "navy"}
2026-10-03 23:53:46 commit: lkg=g000056
2026-10-04 00:14:43 rollback: active -> g000000
=== p8ui 21:16:33
STATE active=g000000 lkg=g000000 journal=ROLLED_BACK theme=navy gens=['g000000', 'g000054', 'g000055', 'g000056']
boot.count=1 e2pid=26068 crashlogs=8
2026-10-03 23:50:07 rollback: active -> g000000
2026-10-03 23:53:46 apply: g000000 -> g000056 trial=False selection={"layouts": {"channelselection": "classic", "epg": "classic", "eventview": "classic", "infobar": "details", "pvr": "classic", "secondinfobar": "cinema"}, "theme": "navy"}
2026-10-03 23:53:46 commit: lkg=g000056
2026-10-04 00:14:43 rollback: active -> g000000
cap U01_open @00:16:52
cap U02_values @00:17:01
cap U03_menu @00:17:04
cap U04_keyboard @00:17:09
cap U05_saved_msg @00:17:13
drwxr-xr-x    2 root     root          4096 Oct  4 00:17 .
drwxr-xr-x    3 root     root          4096 Oct  4 00:17 ..
-rw-r--r--    1 root     root           418 Oct  4 00:17 My CineView.json
{
 "layouts": {
  "channelselection": "classic",
  "epg": "classic",
  "eventview": "classic",
  "infobar": "details",
  "pvr": "classic",
  "secondinfobar": "cinema"
 },
 "posters": {
  "channelselection": true,
  "epg": true,
  "eventview": true,
  "infobar": true,
  "secondinfobar": true
 },
 "schema": 1,
 "second_infobar_timeout": "20",
 "servermode": "profile",
 "show_second_infobar": "2",
 "theme": "purple"
}cap U06_after_red @00:17:21
STATE active=g000000 lkg=g000000 journal=ROLLED_BACK theme=navy gens=['g000000', 'g000054', 'g000055', 'g000056']
boot.count=0 e2pid=26068 crashlogs=8
2026-10-03 23:50:07 rollback: active -> g000000
2026-10-03 23:53:46 apply: g000000 -> g000056 trial=False selection={"layouts": {"channelselection": "classic", "epg": "classic", "eventview": "classic", "infobar": "details", "pvr": "classic", "secondinfobar": "cinema"}, "theme": "navy"}
2026-10-03 23:53:46 commit: lkg=g000056
2026-10-04 00:14:43 rollback: active -> g000000
cap U07_reopen @00:17:40
cap U08_menu_load @00:17:45
cap U09_pick @00:17:48
cap U10_loaded @00:17:51
cap U11_restart_q @00:18:04
new e2 pid=28535 @00:18:10
webif up @00:18:35
STATE active=g000057 lkg=g000000 journal=TRIAL_RUNNING theme=purple gens=['g000000', 'g000054', 'g000055', 'g000056', 'g000057']
boot.count=1 e2pid=28535 crashlogs=8
2026-10-03 23:53:46 commit: lkg=g000056
2026-10-04 00:14:43 rollback: active -> g000000
2026-10-04 00:17:57 apply: g000000 -> g000057 trial=True selection={"layouts": {"channelselection": "classic", "epg": "classic", "eventview": "classic", "infobar": "details", "pvr": "classic", "secondinfobar": "cinema"}, "theme": "purple"}
2026-10-04 00:18:33 trial: session started on g000057, awaiting confirmation
cap U12_keep_prompt @00:19:37
STATE active=g000057 lkg=g000057 journal=COMMITTED theme=purple gens=['g000000', 'g000054', 'g000055', 'g000056', 'g000057']
boot.count=0 e2pid=28535 crashlogs=8
2026-10-04 00:14:43 rollback: active -> g000000
2026-10-04 00:17:57 apply: g000000 -> g000057 trial=True selection={"layouts": {"channelselection": "classic", "epg": "classic", "eventview": "classic", "infobar": "details", "pvr": "classic", "secondinfobar": "cinema"}, "theme": "purple"}
2026-10-04 00:18:33 trial: session started on g000057, awaiting confirmation
2026-10-04 00:19:39 commit: lkg=g000057
00:19:33.1071 [CineViewMLA] session healthy; guardian counter reset
00:19:39.5683 [CineViewMLA] trial committed
cap U13_ib_details @00:19:54
cap U14_sib_cinema @00:20:00
cap U15_menu_delete @00:20:30
cap U16_confirm @00:20:36
cap U16b_deleted @00:20:42
drwxr-xr-x    2 root     root          4096 Oct  4 00:20 .
drwxr-xr-x    3 root     root          4096 Oct  4 00:19 ..
cap U17_factory_q @00:21:05
new e2 pid=31623 @00:21:13
webif up @00:21:38
STATE active=g000000 lkg=g000000 journal=ROLLED_BACK theme=navy gens=['g000000', 'g000055', 'g000056', 'g000057']
boot.count=1 e2pid=31623 crashlogs=8
2026-10-04 00:17:57 apply: g000000 -> g000057 trial=True selection={"layouts": {"channelselection": "classic", "epg": "classic", "eventview": "classic", "infobar": "details", "pvr": "classic", "secondinfobar": "cinema"}, "theme": "purple"}
2026-10-04 00:18:33 trial: session started on g000057, awaiting confirmation
2026-10-04 00:19:39 commit: lkg=g000057
2026-10-04 00:21:07 rollback: active -> g000000
cap U18_final_classic @00:22:10
P8UI_DONE
=== p9final 21:22:16
g000058
new e2 pid=552 @00:22:23
webif up @00:22:48
tracebacks=0
cap details_HBO_ib @00:23:39
cap details_HBO_sib @00:23:52
cap details_HBO_sib_t11 @00:24:01
cap details_HRT1_ib @00:24:28
cap details_HRT1_sib @00:24:41
cap details_HRT1_sib_t11 @00:24:50
cap details_N1_ib @00:25:18
cap details_N1_sib @00:25:31
cap details_N1_sib_t11 @00:25:40
g000059
new e2 pid=4302 @00:25:53
webif up @00:26:19
tracebacks=0
cap cinema_HBO_ib @00:27:10
cap cinema_HBO_sib @00:27:23
cap cinema_HBO_sib_t11 @00:27:32
cap cinema_HRT1_ib @00:27:59
cap cinema_HRT1_sib @00:28:12
cap cinema_HRT1_sib_t11 @00:28:21
cap cinema_N1_ib @00:28:49
cap cinema_N1_sib @00:29:03
cap cinema_N1_sib_t11 @00:29:13
g000000
new e2 pid=8029 @00:29:28
webif up @00:29:51
STATE active=g000000 lkg=g000000 journal=ROLLED_BACK theme=navy gens=['g000000', 'g000057', 'g000058', 'g000059']
boot.count=1 e2pid=8029 crashlogs=8
2026-10-04 00:22:17 commit: lkg=g000058
2026-10-04 00:25:48 apply: g000058 -> g000059 trial=False selection={"layouts": {"channelselection": "classic", "epg": "classic", "eventview": "classic", "infobar": "cinema", "pvr": "classic", "secondinfobar": "cinema"}, "theme": "navy"}
2026-10-04 00:25:48 commit: lkg=g000059
2026-10-04 00:29:20 rollback: active -> g000000
tracebacks=0
cap final_classic_ib @00:30:33
P9FINAL_DONE
=== package 21:30:40
ipk/enigma2-plugin-skins-cineview-fhd-mla_1.0.0~rc1_all.ipk  (577 entries, data 3.3 MB)
=== T8 21:30:40
-rw-r--r--    1 root     root          2176 Oct  4 00:30 cineview_mla-state.tgz
-rw-r--r--    1 root     root       3545859 Oct  4 00:30 mla-files.tgz
-rw-r--r--    1 root     root          9320 Oct  4 00:29 settings
e2-stopped
removed-tar-files
CineView MLA: image openatv 8.0.1 on vuduo4kse
CineView MLA: factory design (Classic, Navy) active.
CineView MLA installed. Select it in Menu > Setup > User Interface > Skin, then restart the GUI.
Installing enigma2-plugin-skins-cineview-fhd-mla (0.9.19) on root
Configuring enigma2-plugin-skins-cineview-fhd-mla.
Version: 0.9.19
Status: install ok installed
-rwxr-xr-x    1 root     root           283 Oct  3 23:14 /usr/bin/enigma2_pre_start.sh
lrwxrwxrwx    1 root     root            19 Oct  4 00:30 /usr/share/enigma2/CineView_FHD_MLA/active -> generations/g000000
new e2 pid=9678 @00:30:53
webif up @00:31:18
STATE active=g000000 lkg=g000000 journal=ROLLED_BACK theme=navy gens=['g000000']
boot.count=1 e2pid=9678 crashlogs=8
2026-10-04 00:25:48 apply: g000058 -> g000059 trial=False selection={"layouts": {"channelselection": "classic", "epg": "classic", "eventview": "classic", "infobar": "cinema", "pvr": "classic", "secondinfobar": "cinema"}, "theme": "navy"}
2026-10-04 00:25:48 commit: lkg=g000059
2026-10-04 00:29:20 rollback: active -> g000000
2026-10-04 00:30:49 rollback: active -> g000000
cap T8_1_fresh_ib @00:31:55
g000001
e2-stopped
CineView MLA: image openatv 8.0.1 on vuduo4kse
CineView MLA: your design selection was rebuilt with the new version (g000002).
CineView MLA installed. Select it in Menu > Setup > User Interface > Skin, then restart the GUI.
Upgrading enigma2-plugin-skins-cineview-fhd-mla (0.9.19) to enigma2-plugin-skins-cineview-fhd-mla (1.0.0~rc1) on root
Configuring enigma2-plugin-skins-cineview-fhd-mla.
Version: 1.0.0~rc1
Status: install ok installed
2026-10-04 00:32:12 commit: lkg=g000002
g000002
new e2 pid=11155 @00:32:18
webif up @00:32:42
STATE active=g000002 lkg=g000002 journal=COMMITTED theme=navy gens=['g000000', 'g000001', 'g000002']
boot.count=1 e2pid=11155 crashlogs=8
2026-10-04 00:32:03 apply: g000000 -> g000001 trial=False selection={"layouts": {"channelselection": "classic", "epg": "classic", "eventview": "classic", "infobar": "details", "pvr": "classic", "secondinfobar": "details"}, "theme": "navy"}
2026-10-04 00:32:03 commit: lkg=g000001
2026-10-04 00:32:12 apply: g000001 -> g000002 trial=False selection={"layouts": {"channelselection": "classic", "epg": "classic", "eventview": "classic", "infobar": "details", "pvr": "classic", "secondinfobar": "details"}, "theme": "navy"}
2026-10-04 00:32:12 commit: lkg=g000002
cap T8_2_upgraded_ib @00:33:19
error: opkg_remove_pkg: not removing package "enigma2-plugin-skins-cineview-fhd-mla", prerm script failed
Removing enigma2-plugin-skins-cineview-fhd-mla (1.0.0~rc1) from root...
You can force removal of packages with failed prerm scripts with the option: 
	--force-remove
Status: deinstall ok installed
e2-stopped
config.skin.primary_skin=CineView_FHD_MLA/skin.xml
CineView MLA removed (/etc/enigma2/cineview_mla kept unless purged).
Removing enigma2-plugin-skins-cineview-fhd-mla (1.0.0~rc1) from root...
ls: /usr/lib/enigma2/python/Plugins/Extensions/CineViewMLA: No such file or directory
ls: /usr/bin/enigma2_pre_start.sh: No such file or directory
/usr/share/enigma2/CineView_FHD_MLA
1
boot.count
clean_exit
healthy
history.log
lkg
previous_skin
profiles
runtime.json
selection.json
txn.json
primary_skin=<default>
new e2 pid=12647 @00:33:35
webif up @00:34:00
cap T8_4_removed_default_skin @00:34:27
0
e2-stopped
CineView MLA: factory design (Classic, Navy) active.
CineView MLA installed. Select it in Menu > Setup > User Interface > Skin, then restart the GUI.
Installing enigma2-plugin-skins-cineview-fhd-mla (1.0.0~rc1) on root
Configuring enigma2-plugin-skins-cineview-fhd-mla.
config.skin.primary_skin=CineView_FHD_MLA/skin.xml
2026-10-04 00:34:35 rollback: active -> g000000
g000000
new e2 pid=13974 @00:34:38
webif up @00:35:04
STATE active=g000000 lkg=g000000 journal=ROLLED_BACK theme=navy gens=['g000000']
boot.count=1 e2pid=13974 crashlogs=8
2026-10-04 00:32:12 apply: g000001 -> g000002 trial=False selection={"layouts": {"channelselection": "classic", "epg": "classic", "eventview": "classic", "infobar": "details", "pvr": "classic", "secondinfobar": "details"}, "theme": "navy"}
2026-10-04 00:32:12 commit: lkg=g000002
2026-10-04 00:34:34 rollback: active -> g000000
2026-10-04 00:34:35 rollback: active -> g000000
cap T8_5_reinstalled_ib @00:35:41
Version: 1.0.0~rc1
Status: install ok installed
T8_DONE
CHAIN_DONE 21:35:47
