selection before: navy channelselection=classic,epg=classic,eventview=classic,infobar=classic,pvr=classic,secondinfobar=classic
== F0 design model Modern from the Profiles menu -> Apply -> Keep
   cap F0_menu
   cap F0_models
   cap F0_model_selected
   cap F0_apply_q
   cap F0_keep_prompt
   after keep: navy channelselection=classic,epg=classic,eventview=classic,infobar=classic,pvr=classic,secondinfobar=classic
   tracebacks=0 skin_errors=0 crashlogs_today=0
   cap F0_modern_infobar
== F1 profiles: save / load / delete
   cap F1_keyboard
   cap F1_saved
ls: /etc/enigma2/cineview_mla/profiles/: No such file or directory
   saved file: 
   cap F1_pick
   cap F1_loaded
   cap F1_delete_q
   profiles after delete: ''
== F2 theme -> Apply -> Keep
   theme -> Deep Purple
   cap F2_apply_q
   cap F2_keep_prompt
   kept: purple channelselection=classic,epg=classic,eventview=classic,infobar=classic,pvr=classic,secondinfobar=classic
   tracebacks=0 skin_errors=0 crashlogs_today=0
== F3 theme -> Apply -> no answer -> automatic rollback
   theme -> Black
   cap F3_keep_prompt
   not answered ...
   before: purple channelselection=classic,epg=classic,eventview=classic,infobar=classic,pvr=classic,secondinfobar=classic
   after:  purple channelselection=classic,epg=classic,eventview=classic,infobar=classic,pvr=classic,secondinfobar=classic
   ROLLED BACK
2026-10-07 15:58:26 trial: session started on g000025, awaiting confirmation
2026-10-07 15:59:48 trial: revert (declined by user / prompt timeout)
2026-10-07 15:59:48 rollback: active -> g000024
   tracebacks=0 skin_errors=0 crashlogs_today=0
== F4 Restore Factory Design
   cap F4_factory_q
   after factory: navy channelselection=classic,epg=classic,eventview=classic,infobar=classic,pvr=classic,secondinfobar=classic
   cap F4_infobar_factory
   tracebacks=0 skin_errors=0 crashlogs_today=0
== R guardian recovery: active != last-known-good, 3rd unclean start -> rollback
g000026
   active=generations/g000026 lkg=g000026
   active=generations/g000026 lkg=g000026 boot.count=3
2026-10-07 16:02:18 commit: lkg=g000026
2026-10-07 16:02:22 rollback: active -> g000026
2026-10-07 16:02:22 guardian: count=3: rollback to last-known-good
   tracebacks=0 skin_errors=0 crashlogs_today=0
   cap R_after_recovery
== restore: --theme navy --set channelselection=classic --set epg=classic --set eventview=classic --set infobar=classic --set pvr=classic --set secondinfobar=classic
g000027
   selection: navy channelselection=classic,epg=classic,eventview=classic,infobar=classic,pvr=classic,secondinfobar=classic
   tracebacks=0 skin_errors=0 crashlogs_today=0
T106F_DONE
