selection before: --theme navy --set channelselection=classic --set epg=classic --set eventview=classic --set infobar=classic --set pvr=classic --set secondinfobar=classic
== apply --theme black --set infobar=classic --set secondinfobar=classic --set channelselection=classic --set epg=classic --set pvr=classic --set eventview=classic
g000008
pin: /tmp/CINEVIEW-MLA/poster
playing: Cinemax HD | now: 'Misija: Bijela kuća' | next: 'Za Adamovo dobro'
infobar        tb=0 skinerr=0 missing=0 notimpl=0 screens: 
chansel        tb=0 skinerr=0 missing=0 notimpl=0 screens: 
grid           tb=0 skinerr=0 missing=4 notimpl=0 screens: GraphicalEPGPIG 
designs        tb=0 skinerr=0 missing=1 notimpl=0 screens: CineViewMLASetup 
msg_yesno      tb=0 skinerr=0 missing=0 notimpl=0 screens: MessageBox 
poster cache /tmp: 32 files; crash logs today: 0
T106_DONE
== apply --theme burgundy --set infobar=classic --set secondinfobar=classic --set channelselection=classic --set epg=classic --set pvr=classic --set eventview=classic
g000009
pin: /tmp/CINEVIEW-MLA/poster
playing: Cinemax HD | now: 'Misija: Bijela kuća' | next: 'Za Adamovo dobro'
infobar        tb=0 skinerr=0 missing=0 notimpl=0 screens: 
chansel        tb=0 skinerr=0 missing=0 notimpl=0 screens: 
grid           tb=0 skinerr=0 missing=4 notimpl=0 screens: GraphicalEPGPIG 
designs        tb=0 skinerr=0 missing=1 notimpl=0 screens: CineViewMLASetup 
msg_yesno      tb=0 skinerr=0 missing=0 notimpl=0 screens: MessageBox 
poster cache /tmp: 32 files; crash logs today: 0
T106_DONE
== apply --theme graphite --set infobar=classic --set secondinfobar=classic --set channelselection=classic --set epg=classic --set pvr=classic --set eventview=classic
g000010
pin: /tmp/CINEVIEW-MLA/poster
playing: Cinemax HD | now: 'Misija: Bijela kuća' | next: 'Za Adamovo dobro'
infobar        tb=0 skinerr=0 missing=0 notimpl=0 screens: 
chansel        tb=0 skinerr=0 missing=0 notimpl=0 screens: 
grid           tb=0 skinerr=0 missing=4 notimpl=0 screens: GraphicalEPGPIG 
designs        tb=0 skinerr=0 missing=1 notimpl=0 screens: CineViewMLASetup 
msg_yesno      tb=0 skinerr=0 missing=0 notimpl=0 screens: MessageBox 
poster cache /tmp: 32 files; crash logs today: 0
T106_DONE
== apply --theme green --set infobar=classic --set secondinfobar=classic --set channelselection=classic --set epg=classic --set pvr=classic --set eventview=classic
g000011
pin: /tmp/CINEVIEW-MLA/poster
playing: Cinemax HD | now: 'Misija: Bijela kuća' | next: 'Za Adamovo dobro'
infobar        tb=0 skinerr=0 missing=0 notimpl=0 screens: 
chansel        tb=0 skinerr=0 missing=0 notimpl=0 screens: 
grid           tb=0 skinerr=0 missing=4 notimpl=0 screens: GraphicalEPGPIG 
designs        tb=0 skinerr=0 missing=1 notimpl=0 screens: CineViewMLASetup 
msg_yesno      tb=0 skinerr=0 missing=0 notimpl=0 screens: MessageBox 
poster cache /tmp: 32 files; crash logs today: 0
T106_DONE
== apply --theme navy --set infobar=classic --set secondinfobar=classic --set channelselection=classic --set epg=classic --set pvr=classic --set eventview=classic
g000012
pin: /tmp/CINEVIEW-MLA/poster
playing: Cinemax HD | now: 'Misija: Bijela kuća' | next: 'Za Adamovo dobro'
infobar        tb=0 skinerr=0 missing=0 notimpl=0 screens: 
chansel        tb=0 skinerr=0 missing=0 notimpl=0 screens: 
grid           tb=0 skinerr=0 missing=4 notimpl=0 screens: GraphicalEPGPIG 
designs        tb=0 skinerr=0 missing=1 notimpl=0 screens: CineViewMLASetup 
msg_yesno      tb=0 skinerr=0 missing=0 notimpl=0 screens: MessageBox 
poster cache /tmp: 32 files; crash logs today: 0
T106_DONE
== apply --theme purple --set infobar=classic --set secondinfobar=classic --set channelselection=classic --set epg=classic --set pvr=classic --set eventview=classic
g000013
pin: /tmp/CINEVIEW-MLA/poster
playing: Cinemax HD | now: 'Misija: Bijela kuća' | next: 'Za Adamovo dobro'
infobar        tb=0 skinerr=0 missing=0 notimpl=0 screens: 
chansel        tb=0 skinerr=0 missing=0 notimpl=0 screens: 
grid           tb=0 skinerr=0 missing=4 notimpl=0 screens: GraphicalEPGPIG 
designs        tb=0 skinerr=0 missing=1 notimpl=0 screens: CineViewMLASetup 
msg_yesno      tb=0 skinerr=0 missing=0 notimpl=0 screens: MessageBox 
poster cache /tmp: 32 files; crash logs today: 0
T106_DONE
== restore: --theme navy --set channelselection=classic --set epg=classic --set eventview=classic --set infobar=classic --set pvr=classic --set secondinfobar=classic
g000014
T106X_DONE
