cache before: /media/hdd/poster 0 
state before: Version: 1.0.0 generations/g000075 0 0 black classic 
== 1_dryrun
   | 
   |   CineView MLA Smart Installer    version 1.0.0
   |   Design & Development by habeb-s (c) 2026
   | 
   | Device
   |   [OK] Vu+ Duo4K SE
   | 
   | Image
   |   [OK] OpenATV 8.0.1 detected
   | 
   | Version
   |   [OK] OpenATV 8.0.1 is supported (fully tested on OpenATV 8.0)
   | 
   | Python
   |   [OK] Python 3.14 compatible
   | 
   | Architecture
   |   [OK] Architecture: cortexa15hf-neon-vfpv4 (CineView MLA is architecture-independent)
   | 
   | Compatibility
   |   [OK] Required components present (python3-pillow, python3-requests)
   |   [OK] Package matches this receiver
   | 
   | Storage
   |   [OK] Free space: 52547 MB
   |   [OK] Poster cache: /media/usb/cineview-mla/dev-cache/reference/poster (your setting, kept)
   | 
   | Existing installation
   |   [..] Current version: 1.0.0
   |   [..] New version:     1.0.0
   |   [..] CineView FHD (classic edition) found - it stays installed and independent
   | 
   | All checks passed. Check-only run: nothing was downloaded or installed.
   | 
== 2_same
   | 
   |   CineView MLA Smart Installer    version 1.0.0
   |   Design & Development by habeb-s (c) 2026
   | 
   | Device
   |   [OK] Vu+ Duo4K SE
   | 
   | Image
   |   [OK] OpenATV 8.0.1 detected
   | 
   | Version
   |   [OK] OpenATV 8.0.1 is supported (fully tested on OpenATV 8.0)
   | 
   | Python
   |   [OK] Python 3.14 compatible
   | 
   | Architecture
   |   [OK] Architecture: cortexa15hf-neon-vfpv4 (CineView MLA is architecture-independent)
   | 
   | Compatibility
   |   [OK] Required components present (python3-pillow, python3-requests)
   |   [OK] Package matches this receiver
   | 
   | Storage
   |   [OK] Free space: 52547 MB
   |   [OK] Poster cache: /media/usb/cineview-mla/dev-cache/reference/poster (your setting, kept)
   | 
   | Existing installation
   |   [..] Current version: 1.0.0
   |   [..] New version:     1.0.0
   |   [..] CineView FHD (classic edition) found - it stays installed and independent
   | 
   | Verification
   |   [OK] Package version 1.0.0
   |   [OK] Skin files present
   |   [OK] Plugin loadable
   |   [OK] Plugin icon present
   |   [OK] CineView Designs available in the Plugin Browser
   | 
   | Result
   |   CineView MLA 1.0.0 is already installed and verified.
   | 
== 3_badsha
   | 
   |   CineView MLA Smart Installer    version 1.0.0
   |   Design & Development by habeb-s (c) 2026
   | 
   | Device
   |   [OK] Vu+ Duo4K SE
   | 
   | Image
   |   [OK] OpenATV 8.0.1 detected
   | 
   | Version
   |   [OK] OpenATV 8.0.1 is supported (fully tested on OpenATV 8.0)
   | 
   | Python
   |   [OK] Python 3.14 compatible
   | 
   | Architecture
   |   [OK] Architecture: cortexa15hf-neon-vfpv4 (CineView MLA is architecture-independent)
   | 
   | Compatibility
   |   [OK] Required components present (python3-pillow, python3-requests)
   |   [OK] Package matches this receiver
   | 
   | Storage
   |   [OK] Free space: 52547 MB
   |   [OK] Poster cache: /media/usb/cineview-mla/dev-cache/reference/poster (your setting, kept)
   | 
   | Existing installation
   |   [..] Current version: 1.0.0
   |   [..] New version:     1.0.0
   |   [!!] Reinstall requested
   |   [..] CineView FHD (classic edition) found - it stays installed and independent
   | 
   | Package
   |   [XX] The package failed the SHA256 check (damaged or not the official file).
   | 
   | CineView MLA was not installed. Nothing was changed on this receiver.
   | 
state after bad sha: Version: 1.0.0 generations/g000075 0 0 black classic 
== 4 upgrade from rc10
Version: 1.0.0~rc10
== 4_upgrade
   | 
   |   CineView MLA Smart Installer    version 1.0.0
   |   Design & Development by habeb-s (c) 2026
   | 
   | Device
   |   [OK] Vu+ Duo4K SE
   | 
   | Image
   |   [OK] OpenATV 8.0.1 detected
   | 
   | Version
   |   [OK] OpenATV 8.0.1 is supported (fully tested on OpenATV 8.0)
   | 
   | Python
   |   [OK] Python 3.14 compatible
   | 
   | Architecture
   |   [OK] Architecture: cortexa15hf-neon-vfpv4 (CineView MLA is architecture-independent)
   | 
   | Compatibility
   |   [OK] Required components present (python3-pillow, python3-requests)
   |   [OK] Package matches this receiver
   | 
   | Storage
   |   [OK] Free space: 52558 MB
   |   [OK] Poster cache: /media/usb/cineview-mla/dev-cache/reference/poster (your setting, kept)
   | 
   | Existing installation
   |   [..] Current version: 1.0.0~rc10
   |   [..] New version:     1.0.0
   |   [OK] Upgrade: your design, theme, profiles, settings and poster cache are kept
   |   [..] CineView FHD (classic edition) found - it stays installed and independent
   | 
   | Package
   |   [OK] Package verified (SHA256)
   | 
   | Installing
   |   [OK] Restore point saved
   |   [OK] CineView MLA 1.0.0 installed
   | 
   | Verification
   |   [OK] Package version 1.0.0
   |   [OK] Skin files present
   |   [OK] Plugin loadable
   |   [OK] Plugin icon present
   |   [OK] CineView Designs available in the Plugin Browser
   | 
   | Result
   |   CineView MLA 1.0.0 installed successfully.
   | 
   |   +-----------------------------------------------------+
   |   |  Restart the GUI to load CineView MLA 1.0.0.        |
   |   +-----------------------------------------------------+
   |   [..] Restarting the GUI ...
   | 
new e2 pid=19511 @08:12:51
webif up @08:13:16
state after upgrade: Version: 1.0.0 generations/g000077 0 1 black classic 
cache after: /media/hdd/poster 0 
   tracebacks=0 skin_errors_new=0 crashlogs=0
   internal words: /home/aiadmin/cineview-mla/shots/t103/1_dryrun.txt:0
   internal words: /home/aiadmin/cineview-mla/shots/t103/2_same.txt:0
   internal words: /home/aiadmin/cineview-mla/shots/t103/3_badsha.txt:0
   internal words: /home/aiadmin/cineview-mla/shots/t103/4_upgrade.txt:0
T103_DONE
